Archive member included to satisfy reference by file (symbol)

c:/st/stm32cubeide_1.5.1/stm32cubeide/plugins/com.st.stm32cube.ide.mcu.externaltools.gnu-tools-for-stm32.7-2018-q2-update.win32_1.5.0.202011040924/tools/bin/../lib/gcc/arm-none-eabi/7.3.1/../../../../arm-none-eabi/lib/thumb/v7e-m/fpv4-sp/hard\libstdc++_nano.a(new_op.o)
                              Core/Src/BufData.o (operator new(unsigned int))
c:/st/stm32cubeide_1.5.1/stm32cubeide/plugins/com.st.stm32cube.ide.mcu.externaltools.gnu-tools-for-stm32.7-2018-q2-update.win32_1.5.0.202011040924/tools/bin/../lib/gcc/arm-none-eabi/7.3.1/../../../../arm-none-eabi/lib/thumb/v7e-m/fpv4-sp/hard\libstdc++_nano.a(new_handler.o)
                              c:/st/stm32cubeide_1.5.1/stm32cubeide/plugins/com.st.stm32cube.ide.mcu.externaltools.gnu-tools-for-stm32.7-2018-q2-update.win32_1.5.0.202011040924/tools/bin/../lib/gcc/arm-none-eabi/7.3.1/../../../../arm-none-eabi/lib/thumb/v7e-m/fpv4-sp/hard\libstdc++_nano.a(new_op.o) (std::get_new_handler())
c:/st/stm32cubeide_1.5.1/stm32cubeide/plugins/com.st.stm32cube.ide.mcu.externaltools.gnu-tools-for-stm32.7-2018-q2-update.win32_1.5.0.202011040924/tools/bin/../lib/gcc/arm-none-eabi/7.3.1/../../../../arm-none-eabi/lib/thumb/v7e-m/fpv4-sp/hard\libstdc++_nano.a(del_op.o)
                              Core/Src/BufData.o (operator delete(void*))
c:/st/stm32cubeide_1.5.1/stm32cubeide/plugins/com.st.stm32cube.ide.mcu.externaltools.gnu-tools-for-stm32.7-2018-q2-update.win32_1.5.0.202011040924/tools/bin/../lib/gcc/arm-none-eabi/7.3.1/../../../../arm-none-eabi/lib/thumb/v7e-m/fpv4-sp/hard\libstdc++_nano.a(functexcept.o)
                              Core/Src/BufData.o (std::__throw_bad_alloc())
c:/st/stm32cubeide_1.5.1/stm32cubeide/plugins/com.st.stm32cube.ide.mcu.externaltools.gnu-tools-for-stm32.7-2018-q2-update.win32_1.5.0.202011040924/tools/bin/../lib/gcc/arm-none-eabi/7.3.1/../../../../arm-none-eabi/lib/thumb/v7e-m/fpv4-sp/hard\libstdc++_nano.a(snprintf_lite.o)
                              c:/st/stm32cubeide_1.5.1/stm32cubeide/plugins/com.st.stm32cube.ide.mcu.externaltools.gnu-tools-for-stm32.7-2018-q2-update.win32_1.5.0.202011040924/tools/bin/../lib/gcc/arm-none-eabi/7.3.1/../../../../arm-none-eabi/lib/thumb/v7e-m/fpv4-sp/hard\libstdc++_nano.a(functexcept.o) (__gnu_cxx::__snprintf_lite(char*, unsigned int, char const*, std::__va_list))
c:/st/stm32cubeide_1.5.1/stm32cubeide/plugins/com.st.stm32cube.ide.mcu.externaltools.gnu-tools-for-stm32.7-2018-q2-update.win32_1.5.0.202011040924/tools/bin/../lib/gcc/arm-none-eabi/7.3.1/../../../../arm-none-eabi/lib/thumb/v7e-m/fpv4-sp/hard\libc_nano.a(lib_a-abort.o)
                              c:/st/stm32cubeide_1.5.1/stm32cubeide/plugins/com.st.stm32cube.ide.mcu.externaltools.gnu-tools-for-stm32.7-2018-q2-update.win32_1.5.0.202011040924/tools/bin/../lib/gcc/arm-none-eabi/7.3.1/../../../../arm-none-eabi/lib/thumb/v7e-m/fpv4-sp/hard\libstdc++_nano.a(new_op.o) (abort)
c:/st/stm32cubeide_1.5.1/stm32cubeide/plugins/com.st.stm32cube.ide.mcu.externaltools.gnu-tools-for-stm32.7-2018-q2-update.win32_1.5.0.202011040924/tools/bin/../lib/gcc/arm-none-eabi/7.3.1/../../../../arm-none-eabi/lib/thumb/v7e-m/fpv4-sp/hard\libc_nano.a(lib_a-errno.o)
                              Core/Src/syscalls.o (__errno)
c:/st/stm32cubeide_1.5.1/stm32cubeide/plugins/com.st.stm32cube.ide.mcu.externaltools.gnu-tools-for-stm32.7-2018-q2-update.win32_1.5.0.202011040924/tools/bin/../lib/gcc/arm-none-eabi/7.3.1/../../../../arm-none-eabi/lib/thumb/v7e-m/fpv4-sp/hard\libc_nano.a(lib_a-exit.o)
                              c:/st/stm32cubeide_1.5.1/stm32cubeide/plugins/com.st.stm32cube.ide.mcu.externaltools.gnu-tools-for-stm32.7-2018-q2-update.win32_1.5.0.202011040924/tools/bin/../lib/gcc/arm-none-eabi/7.3.1/../../../../arm-none-eabi/lib/thumb/v7e-m/fpv4-sp/hard/crt0.o (exit)
c:/st/stm32cubeide_1.5.1/stm32cubeide/plugins/com.st.stm32cube.ide.mcu.externaltools.gnu-tools-for-stm32.7-2018-q2-update.win32_1.5.0.202011040924/tools/bin/../lib/gcc/arm-none-eabi/7.3.1/../../../../arm-none-eabi/lib/thumb/v7e-m/fpv4-sp/hard\libc_nano.a(lib_a-impure.o)
                              c:/st/stm32cubeide_1.5.1/stm32cubeide/plugins/com.st.stm32cube.ide.mcu.externaltools.gnu-tools-for-stm32.7-2018-q2-update.win32_1.5.0.202011040924/tools/bin/../lib/gcc/arm-none-eabi/7.3.1/../../../../arm-none-eabi/lib/thumb/v7e-m/fpv4-sp/hard\libc_nano.a(lib_a-exit.o) (_global_impure_ptr)
c:/st/stm32cubeide_1.5.1/stm32cubeide/plugins/com.st.stm32cube.ide.mcu.externaltools.gnu-tools-for-stm32.7-2018-q2-update.win32_1.5.0.202011040924/tools/bin/../lib/gcc/arm-none-eabi/7.3.1/../../../../arm-none-eabi/lib/thumb/v7e-m/fpv4-sp/hard\libc_nano.a(lib_a-init.o)
[...]
Memory Configuration

Name             Origin             Length             Attributes
RAM              0x0000000020000000 0x0000000000020000 xrw
FLASH            0x0000000008000000 0x0000000000080000 xr
*default*        0x0000000000000000 0xffffffffffffffff

Linker script and memory map

LOAD c:/st/stm32cubeide_1.5.1/stm32cubeide/plugins/com.st.stm32cube.ide.mcu.externaltools.gnu-tools-for-stm32.7-2018-q2-update.win32_1.5.0.202011040924/tools/bin/../lib/gcc/arm-none-eabi/7.3.1/thumb/v7e-m/fpv4-sp/hard/crti.o
LOAD c:/st/stm32cubeide_1.5.1/stm32cubeide/plugins/com.st.stm32cube.ide.mcu.externaltools.gnu-tools-for-stm32.7-2018-q2-update.win32_1.5.0.202011040924/tools/bin/../lib/gcc/arm-none-eabi/7.3.1/thumb/v7e-m/fpv4-sp/hard/crtbegin.o
LOAD c:/st/stm32cubeide_1.5.1/stm32cubeide/plugins/com.st.stm32cube.ide.mcu.externaltools.gnu-tools-for-stm32.7-2018-q2-update.win32_1.5.0.202011040924/tools/bin/../lib/gcc/arm-none-eabi/7.3.1/../../../../arm-none-eabi/lib/thumb/v7e-m/fpv4-sp/hard/crt0.o
LOAD Core/Src/BufData.o
LOAD Core/Src/Dynamixel.o
LOAD Core/Src/HAL_RS485.o
LOAD Core/Src/main.o
LOAD Core/Src/stm32f4xx_hal_msp.o
LOAD Core/Src/stm32f4xx_it.o
LOAD Core/Src/syscalls.o
LOAD Core/Src/sysmem.o
LOAD Core/Src/system_stm32f4xx.o
LOAD Core/Src/wrapper.o
LOAD Core/Startup/startup_stm32f446retx.o
LOAD Drivers/STM32F4xx_HAL_Driver/Src/stm32f4xx_hal.o
LOAD Drivers/STM32F4xx_HAL_Driver/Src/stm32f4xx_hal_cortex.o
LOAD Drivers/STM32F4xx_HAL_Driver/Src/stm32f4xx_hal_dma.o
LOAD Drivers/STM32F4xx_HAL_Driver/Src/stm32f4xx_hal_dma_ex.o
LOAD Drivers/STM32F4xx_HAL_Driver/Src/stm32f4xx_hal_exti.o
LOAD Drivers/STM32F4xx_HAL_Driver/Src/stm32f4xx_hal_flash.o
LOAD Drivers/STM32F4xx_HAL_Driver/Src/stm32f4xx_hal_flash_ex.o
LOAD Drivers/STM32F4xx_HAL_Driver/Src/stm32f4xx_hal_flash_ramfunc.o
LOAD Drivers/STM32F4xx_HAL_Driver/Src/stm32f4xx_hal_gpio.o
LOAD Drivers/STM32F4xx_HAL_Driver/Src/stm32f4xx_hal_pwr.o
LOAD Drivers/STM32F4xx_HAL_Driver/Src/stm32f4xx_hal_pwr_ex.o
LOAD Drivers/STM32F4xx_HAL_Driver/Src/stm32f4xx_hal_rcc.o
LOAD Drivers/STM32F4xx_HAL_Driver/Src/stm32f4xx_hal_rcc_ex.o
LOAD Drivers/STM32F4xx_HAL_Driver/Src/stm32f4xx_hal_tim.o
LOAD Drivers/STM32F4xx_HAL_Driver/Src/stm32f4xx_hal_tim_ex.o
LOAD Drivers/STM32F4xx_HAL_Driver/Src/stm32f4xx_hal_uart.o
START GROUP
LOAD c:/st/stm32cubeide_1.5.1/stm32cubeide/plugins/com.st.stm32cube.ide.mcu.externaltools.gnu-tools-for-stm32.7-2018-q2-update.win32_1.5.0.202011040924/tools/bin/../lib/gcc/arm-none-eabi/7.3.1/../../../../arm-none-eabi/lib/thumb/v7e-m/fpv4-sp/hard\libstdc++_nano.a
LOAD c:/st/stm32cubeide_1.5.1/stm32cubeide/plugins/com.st.stm32cube.ide.mcu.externaltools.gnu-tools-for-stm32.7-2018-q2-update.win32_1.5.0.202011040924/tools/bin/../lib/gcc/arm-none-eabi/7.3.1/../../../../arm-none-eabi/lib/thumb/v7e-m/fpv4-sp/hard\libsupc++_nano.a
END GROUP
LOAD c:/st/stm32cubeide_1.5.1/stm32cubeide/plugins/com.st.stm32cube.ide.mcu.externaltools.gnu-tools-for-stm32.7-2018-q2-update.win32_1.5.0.202011040924/tools/bin/../lib/gcc/arm-none-eabi/7.3.1/../../../../arm-none-eabi/lib/thumb/v7e-m/fpv4-sp/hard\libstdc++_nano.a
LOAD c:/st/stm32cubeide_1.5.1/stm32cubeide/plugins/com.st.stm32cube.ide.mcu.externaltools.gnu-tools-for-stm32.7-2018-q2-update.win32_1.5.0.202011040924/tools/bin/../lib/gcc/arm-none-eabi/7.3.1/../../../../arm-none-eabi/lib/thumb/v7e-m/fpv4-sp/hard\libm.a
LOAD c:/st/stm32cubeide_1.5.1/stm32cubeide/plugins/com.st.stm32cube.ide.mcu.externaltools.gnu-tools-for-stm32.7-2018-q2-update.win32_1.5.0.202011040924/tools/bin/../lib/gcc/arm-none-eabi/7.3.1/../../../../arm-none-eabi/lib/thumb/v7e-m/fpv4-sp/hard\libc_nano.a
START GROUP
LOAD c:/st/stm32cubeide_1.5.1/stm32cubeide/plugins/com.st.stm32cube.ide.mcu.externaltools.gnu-tools-for-stm32.7-2018-q2-update.win32_1.5.0.202011040924/tools/bin/../lib/gcc/arm-none-eabi/7.3.1/thumb/v7e-m/fpv4-sp/hard\libgcc.a
LOAD c:/st/stm32cubeide_1.5.1/stm32cubeide/plugins/com.st.stm32cube.ide.mcu.externaltools.gnu-tools-for-stm32.7-2018-q2-update.win32_1.5.0.202011040924/tools/bin/../lib/gcc/arm-none-eabi/7.3.1/../../../../arm-none-eabi/lib/thumb/v7e-m/fpv4-sp/hard\libc_nano.a
END GROUP
START GROUP
LOAD c:/st/stm32cubeide_1.5.1/stm32cubeide/plugins/com.st.stm32cube.ide.mcu.externaltools.gnu-tools-for-stm32.7-2018-q2-update.win32_1.5.0.202011040924/tools/bin/../lib/gcc/arm-none-eabi/7.3.1/thumb/v7e-m/fpv4-sp/hard\libgcc.a
LOAD c:/st/stm32cubeide_1.5.1/stm32cubeide/plugins/com.st.stm32cube.ide.mcu.externaltools.gnu-tools-for-stm32.7-2018-q2-update.win32_1.5.0.202011040924/tools/bin/../lib/gcc/arm-none-eabi/7.3.1/../../../../arm-none-eabi/lib/thumb/v7e-m/fpv4-sp/hard\libc_nano.a
LOAD c:/st/stm32cubeide_1.5.1/stm32cubeide/plugins/com.st.stm32cube.ide.mcu.externaltools.gnu-tools-for-stm32.7-2018-q2-update.win32_1.5.0.202011040924/tools/bin/../lib/gcc/arm-none-eabi/7.3.1/../../../../arm-none-eabi/lib/thumb/v7e-m/fpv4-sp/hard\libnosys.a
END GROUP
START GROUP
LOAD c:/st/stm32cubeide_1.5.1/stm32cubeide/plugins/com.st.stm32cube.ide.mcu.externaltools.gnu-tools-for-stm32.7-2018-q2-update.win32_1.5.0.202011040924/tools/bin/../lib/gcc/arm-none-eabi/7.3.1/thumb/v7e-m/fpv4-sp/hard\libgcc.a
LOAD c:/st/stm32cubeide_1.5.1/stm32cubeide/plugins/com.st.stm32cube.ide.mcu.externaltools.gnu-tools-for-stm32.7-2018-q2-update.win32_1.5.0.202011040924/tools/bin/../lib/gcc/arm-none-eabi/7.3.1/../../../../arm-none-eabi/lib/thumb/v7e-m/fpv4-sp/hard\libc_nano.a
LOAD c:/st/stm32cubeide_1.5.1/stm32cubeide/plugins/com.st.stm32cube.ide.mcu.externaltools.gnu-tools-for-stm32.7-2018-q2-update.win32_1.5.0.202011040924/tools/bin/../lib/gcc/arm-none-eabi/7.3.1/../../../../arm-none-eabi/lib/thumb/v7e-m/fpv4-sp/hard\libnosys.a
END GROUP
LOAD c:/st/stm32cubeide_1.5.1/stm32cubeide/plugins/com.st.stm32cube.ide.mcu.externaltools.gnu-tools-for-stm32.7-2018-q2-update.win32_1.5.0.202011040924/tools/bin/../lib/gcc/arm-none-eabi/7.3.1/thumb/v7e-m/fpv4-sp/hard/crtend.o
LOAD c:/st/stm32cubeide_1.5.1/stm32cubeide/plugins/com.st.stm32cube.ide.mcu.externaltools.gnu-tools-for-stm32.7-2018-q2-update.win32_1.5.0.202011040924/tools/bin/../lib/gcc/arm-none-eabi/7.3.1/thumb/v7e-m/fpv4-sp/hard/crtn.o
                0x0000000020020000                _estack = (ORIGIN (RAM) + LENGTH (RAM))
                0x0000000000000200                _Min_Heap_Size = 0x200
                0x0000000000000400                _Min_Stack_Size = 0x400

.isr_vector     0x0000000008000000      0x1c4
                0x0000000008000000                . = ALIGN (0x4)
 *(.isr_vector)
 .isr_vector    0x0000000008000000      0x1c4 Core/Startup/startup_stm32f446retx.o
                0x0000000008000000                g_pfnVectors
                0x00000000080001c4                . = ALIGN (0x4)

.text           0x00000000080001c8     0x9674
                0x00000000080001c8                . = ALIGN (0x4)
 *(.text)
 .text          0x00000000080001c8       0x40 c:/st/stm32cubeide_1.5.1/stm32cubeide/plugins/com.st.stm32cube.ide.mcu.externaltools.gnu-tools-for-stm32.7-2018-q2-update.win32_1.5.0.202011040924/tools/bin/../lib/gcc/arm-none-eabi/7.3.1/thumb/v7e-m/fpv4-sp/hard/crtbegin.o
 .text          0x0000000008000208      0x378 c:/st/stm32cubeide_1.5.1/stm32cubeide/plugins/com.st.stm32cube.ide.mcu.externaltools.gnu-tools-for-stm32.7-2018-q2-update.win32_1.5.0.202011040924/tools/bin/../lib/gcc/arm-none-eabi/7.3.1/thumb/v7e-m/fpv4-sp/hard\libgcc.a(_arm_addsubdf3.o)
                0x0000000008000208                __aeabi_drsub
                0x0000000008000210                __aeabi_dsub
                0x0000000008000210                __subdf3
                0x0000000008000214                __aeabi_dadd
                0x0000000008000214                __adddf3
                0x000000000800048c                __floatunsidf
                0x000000000800048c                __aeabi_ui2d
                0x00000000080004ac                __floatsidf
                0x00000000080004ac                __aeabi_i2d
                0x00000000080004d0                __aeabi_f2d
                0x00000000080004d0                __extendsfdf2
                0x0000000008000514                __floatundidf
                0x0000000008000514                __aeabi_ul2d
                0x0000000008000524                __floatdidf
                0x0000000008000524                __aeabi_l2d
 .text          0x0000000008000580      0x424 c:/st/stm32cubeide_1.5.1/stm32cubeide/plugins/com.st.stm32cube.ide.mcu.externaltools.gnu-tools-for-stm32.7-2018-q2-update.win32_1.5.0.202011040924/tools/bin/../lib/gcc/arm-none-eabi/7.3.1/thumb/v7e-m/fpv4-sp/hard\libgcc.a(_arm_muldivdf3.o)
                0x0000000008000580                __aeabi_dmul
                0x0000000008000580                __muldf3
                0x00000000080007d4                __divdf3
                0x00000000080007d4                __aeabi_ddiv
 .text          0x00000000080009a4       0x50 c:/st/stm32cubeide_1.5.1/stm32cubeide/plugins/com.st.stm32cube.ide.mcu.externaltools.gnu-tools-for-stm32.7-2018-q2-update.win32_1.5.0.202011040924/tools/bin/../lib/gcc/arm-none-eabi/7.3.1/thumb/v7e-m/fpv4-sp/hard\libgcc.a(_arm_fixdfsi.o)
                0x00000000080009a4                __aeabi_d2iz
                0x00000000080009a4                __fixdfsi
 .text          0x00000000080009f4       0x30 c:/st/stm32cubeide_1.5.1/stm32cubeide/plugins/com.st.stm32cube.ide.mcu.externaltools.gnu-tools-for-stm32.7-2018-q2-update.win32_1.5.0.202011040924/tools/bin/../lib/gcc/arm-none-eabi/7.3.1/thumb/v7e-m/fpv4-sp/hard\libgcc.a(_aeabi_uldivmod.o)
                0x00000000080009f4                __aeabi_uldivmod
 .text          0x0000000008000a24      0x2cc c:/st/stm32cubeide_1.5.1/stm32cubeide/plugins/com.st.stm32cube.ide.mcu.externaltools.gnu-tools-for-stm32.7-2018-q2-update.win32_1.5.0.202011040924/tools/bin/../lib/gcc/arm-none-eabi/7.3.1/thumb/v7e-m/fpv4-sp/hard\libgcc.a(_udivmoddi4.o)
                0x0000000008000a24                __udivmoddi4
 .text          0x0000000008000cf0        0x4 c:/st/stm32cubeide_1.5.1/stm32cubeide/plugins/com.st.stm32cube.ide.mcu.externaltools.gnu-tools-for-stm32.7-2018-q2-update.win32_1.5.0.202011040924/tools/bin/../lib/gcc/arm-none-eabi/7.3.1/thumb/v7e-m/fpv4-sp/hard\libgcc.a(_dvmd_tls.o)
                0x0000000008000cf0                __aeabi_idiv0
                0x0000000008000cf0                __aeabi_ldiv0
 *(.text*)
 .text._ZnwjPv  0x0000000008000cf4       0x18 Core/Src/BufData.o
                0x0000000008000cf4                operator new(unsigned int, void*)
 .text._ZNSt14_Bit_referenceC2EPmm
                0x0000000008000d0c       0x26 Core/Src/BufData.o
                0x0000000008000d0c                std::_Bit_reference::_Bit_reference(unsigned long*, unsigned long)
                0x0000000008000d0c                std::_Bit_reference::_Bit_reference(unsigned long*, unsigned long)
 .text._ZNKSt14_Bit_referencecvbEv
                0x0000000008000d32       0x2a Core/Src/BufData.o
                0x0000000008000d32                std::_Bit_reference::operator bool() const
 .text._ZNSt14_Bit_referenceaSEb
                0x0000000008000d5c       0x48 Core/Src/BufData.o
                0x0000000008000d5c                std::_Bit_reference::operator=(bool)
 .text._ZNSt14_Bit_referenceaSERKS_
                0x0000000008000da4       0x24 Core/Src/BufData.o
                0x0000000008000da4                std::_Bit_reference::operator=(std::_Bit_reference const&)
 .text._ZSt4swapSt14_Bit_referenceS_
                0x0000000008000dc8       0x44 Core/Src/BufData.o
                0x0000000008000dc8                std::swap(std::_Bit_reference, std::_Bit_reference)
 .text._ZNSt18_Bit_iterator_baseC2EPmj
                0x0000000008000e0c       0x26 Core/Src/BufData.o
                0x0000000008000e0c                std::_Bit_iterator_base::_Bit_iterator_base(unsigned long*, unsigned int)
                0x0000000008000e0c                std::_Bit_iterator_base::_Bit_iterator_base(unsigned long*, unsigned int)
 .text._ZNSt18_Bit_iterator_base10_M_bump_upEv
                0x0000000008000e32       0x3c Core/Src/BufData.o
                0x0000000008000e32                std::_Bit_iterator_base::_M_bump_up()
 .text._ZNSt18_Bit_iterator_base12_M_bump_downEv
                0x0000000008000e6e       0x3c Core/Src/BufData.o
                0x0000000008000e6e                std::_Bit_iterator_base::_M_bump_down()
 .text._ZNSt18_Bit_iterator_base7_M_incrEi
                0x0000000008000eaa       0x64 Core/Src/BufData.o
                0x0000000008000eaa                std::_Bit_iterator_base::_M_incr(int)
 .text._ZNKSt18_Bit_iterator_baseeqERKS_
                0x0000000008000f0e       0x34 Core/Src/BufData.o
                0x0000000008000f0e                std::_Bit_iterator_base::operator==(std::_Bit_iterator_base const&) const
 .text._ZNKSt18_Bit_iterator_baseneERKS_
                0x0000000008000f42       0x22 Core/Src/BufData.o
                0x0000000008000f42                std::_Bit_iterator_base::operator!=(std::_Bit_iterator_base const&) const
 .text._ZStmiRKSt18_Bit_iterator_baseS1_
                0x0000000008000f64       0x34 Core/Src/BufData.o
                0x0000000008000f64                std::operator-(std::_Bit_iterator_base const&, std::_Bit_iterator_base const&)
 .text._ZNSt13_Bit_iteratorC2Ev
                0x0000000008000f98       0x1e Core/Src/BufData.o
                0x0000000008000f98                std::_Bit_iterator::_Bit_iterator()
                0x0000000008000f98                std::_Bit_iterator::_Bit_iterator()
 .text._ZNSt13_Bit_iteratorC2EPmj
                0x0000000008000fb6       0x22 Core/Src/BufData.o
                0x0000000008000fb6                std::_Bit_iterator::_Bit_iterator(unsigned long*, unsigned int)
                0x0000000008000fb6                std::_Bit_iterator::_Bit_iterator(unsigned long*, unsigned int)
 .text._ZNKSt13_Bit_iteratordeEv
                0x0000000008000fd8       0x28 Core/Src/BufData.o
                0x0000000008000fd8                std::_Bit_iterator::operator*() const
 .text._ZNSt13_Bit_iteratorppEv
                0x0000000008001000       0x1a Core/Src/BufData.o
                0x0000000008001000                std::_Bit_iterator::operator++()
 .text._ZNSt13_Bit_iteratormmEv
                0x000000000800101a       0x1a Core/Src/BufData.o
                0x000000000800101a                std::_Bit_iterator::operator--()
 .text._ZNSt13_Bit_iteratorpLEi
                0x0000000008001034       0x1e Core/Src/BufData.o
                0x0000000008001034                std::_Bit_iterator::operator+=(int)
 .text._ZNSt13_Bit_iteratormIEi
                0x0000000008001052       0x20 Core/Src/BufData.o
                0x0000000008001052                std::_Bit_iterator::operator-=(int)
 .text._ZNKSt13_Bit_iteratorplEi
                0x0000000008001072       0x3a Core/Src/BufData.o
                0x0000000008001072                std::_Bit_iterator::operator+(int) const
 .text._ZNKSt13_Bit_iteratormiEi
                0x00000000080010ac       0x3a Core/Src/BufData.o
                0x00000000080010ac                std::_Bit_iterator::operator-(int) const
 .text._ZNSt19_Bit_const_iteratorC2EPmj
                0x00000000080010e6       0x22 Core/Src/BufData.o
                0x00000000080010e6                std::_Bit_const_iterator::_Bit_const_iterator(unsigned long*, unsigned int)
                0x00000000080010e6                std::_Bit_const_iterator::_Bit_const_iterator(unsigned long*, unsigned int)
 .text._ZNSt19_Bit_const_iteratorC2ERKSt13_Bit_iterator
                0x0000000008001108       0x24 Core/Src/BufData.o
                0x0000000008001108                std::_Bit_const_iterator::_Bit_const_iterator(std::_Bit_iterator const&)
                0x0000000008001108                std::_Bit_const_iterator::_Bit_const_iterator(std::_Bit_iterator const&)
 .text._ZNKSt19_Bit_const_iterator13_M_const_castEv
                0x000000000800112c       0x22 Core/Src/BufData.o
                0x000000000800112c                std::_Bit_const_iterator::_M_const_cast() const
 .text._ZNKSt19_Bit_const_iteratordeEv
                0x000000000800114e       0x32 Core/Src/BufData.o
                0x000000000800114e                std::_Bit_const_iterator::operator*() const
 .text._ZNSt19_Bit_const_iteratorppEv
                0x0000000008001180       0x1a Core/Src/BufData.o
                0x0000000008001180                std::_Bit_const_iterator::operator++()
 .text._ZSt14__fill_bvectorSt13_Bit_iteratorS_b
                0x000000000800119a       0x5c Core/Src/BufData.o
                0x000000000800119a                std::__fill_bvector(std::_Bit_iterator, std::_Bit_iterator, bool)
 .text._ZSt4fillSt13_Bit_iteratorS_RKb
                0x00000000080011f6       0xa4 Core/Src/BufData.o
                0x00000000080011f6                std::fill(std::_Bit_iterator, std::_Bit_iterator, bool const&)
 .text._ZN7BufDataC2Et
                0x000000000800129a       0x9e Core/Src/BufData.o
                0x000000000800129a                BufData::BufData(unsigned short)
                0x000000000800129a                BufData::BufData(unsigned short)
 .text._ZN7BufData10setSendBufEPht
                0x0000000008001338       0xc0 Core/Src/BufData.o
                0x0000000008001338                BufData::setSendBuf(unsigned char*, unsigned short)
 .text._ZN7BufData21getFirstSendBufLengthEv
                0x00000000080013f8       0x28 Core/Src/BufData.o
                0x00000000080013f8                BufData::getFirstSendBufLength()
 .text._ZN7BufData15getFirstSendBufEPht
                0x0000000008001420       0x4e Core/Src/BufData.o
                0x0000000008001420                BufData::getFirstSendBuf(unsigned char*, unsigned short)
 .text._ZN7BufData14deleteFirstBufEv
                0x000000000800146e      0x1d0 Core/Src/BufData.o
                0x000000000800146e                BufData::deleteFirstBuf()
 .text._ZN7BufData17setReadPointerBufEPht
                0x000000000800163e       0x64 Core/Src/BufData.o
                0x000000000800163e                BufData::setReadPointerBuf(unsigned char*, unsigned short)
 .text._ZN7BufData22getFirstReadPointerBufEPt
                0x00000000080016a2       0x36 Core/Src/BufData.o
                0x00000000080016a2                BufData::getFirstReadPointerBuf(unsigned short*)
 .text._ZN7BufData19setNoReceiveFlagBufEb
                0x00000000080016d8       0x9c Core/Src/BufData.o
                0x00000000080016d8                BufData::setNoReceiveFlagBuf(bool)
 .text._ZN7BufData24getFirstNoReceiveFlagBufEv
                0x0000000008001774       0x2e Core/Src/BufData.o
                0x0000000008001774                BufData::getFirstNoReceiveFlagBuf()
 .text._ZSt4fillIPmiEvT_S1_RKT0_
                0x00000000080017a2       0x2e Core/Src/BufData.o
                0x00000000080017a2                void std::fill<unsigned long*, int>(unsigned long*, unsigned long*, int const&)
 .text._ZNSt6vectorIS_IhSaIhEESaIS1_EEC2Ev
                0x00000000080017d0       0x1a Core/Src/BufData.o
                0x00000000080017d0                std::vector<std::vector<unsigned char, std::allocator<unsigned char> >, std::allocator<std::vector<unsigned char, std::allocator<unsigned char> > > >::vector()
                0x00000000080017d0                std::vector<std::vector<unsigned char, std::allocator<unsigned char> >, std::allocator<std::vector<unsigned char, std::allocator<unsigned char> > > >::vector()
 .text._ZNSt6vectorIPhSaIS0_EEC2Ev
                0x00000000080017ea       0x1a Core/Src/BufData.o
                0x00000000080017ea                std::vector<unsigned char*, std::allocator<unsigned char*> >::vector()
                0x00000000080017ea                std::vector<unsigned char*, std::allocator<unsigned char*> >::vector()
 .text._ZNSt6vectorItSaItEEC2Ev
                0x0000000008001804       0x1a Core/Src/BufData.o
                0x0000000008001804                std::vector<unsigned short, std::allocator<unsigned short> >::vector()
                0x0000000008001804                std::vector<unsigned short, std::allocator<unsigned short> >::vector()
 .text._ZNSt6vectorIbSaIbEEC2Ev
                0x000000000800181e       0x1a Core/Src/BufData.o
                0x000000000800181e                std::vector<bool, std::allocator<bool> >::vector()
                0x000000000800181e                std::vector<bool, std::allocator<bool> >::vector()
 .text._ZNSt6vectorIS_IhSaIhEESaIS1_EE6resizeEj
                0x0000000008001838       0x70 Core/Src/BufData.o
                0x0000000008001838                std::vector<std::vector<unsigned char, std::allocator<unsigned char> >, std::allocator<std::vector<unsigned char, std::allocator<unsigned char> > > >::resize(unsigned int)
 .text._ZNSt6vectorIPhSaIS0_EE6resizeEj
                0x00000000080018a8       0x6a Core/Src/BufData.o
                0x00000000080018a8                std::vector<unsigned char*, std::allocator<unsigned char*> >::resize(unsigned int)
 .text._ZNSt6vectorItSaItEE6resizeEj
                0x0000000008001912       0x6a Core/Src/BufData.o
                0x0000000008001912                std::vector<unsigned short, std::allocator<unsigned short> >::resize(unsigned int)
 .text._ZNSt6vectorIbSaIbEE6resizeEjb
                0x000000000800197c       0x98 Core/Src/BufData.o
                0x000000000800197c                std::vector<bool, std::allocator<bool> >::resize(unsigned int, bool)
 .text._ZNSt6vectorIS_IhSaIhEESaIS1_EEixEj
                0x0000000008001a14       0x26 Core/Src/BufData.o
                0x0000000008001a14                std::vector<std::vector<unsigned char, std::allocator<unsigned char> >, std::allocator<std::vector<unsigned char, std::allocator<unsigned char> > > >::operator[](unsigned int)
 .text._ZNSt6vectorIhSaIhEE6resizeEj
                0x0000000008001a3a       0x68 Core/Src/BufData.o
                0x0000000008001a3a                std::vector<unsigned char, std::allocator<unsigned char> >::resize(unsigned int)
 .text._ZNSt6vectorIhSaIhEEixEj
                0x0000000008001aa2       0x1e Core/Src/BufData.o
                0x0000000008001aa2                std::vector<unsigned char, std::allocator<unsigned char> >::operator[](unsigned int)
 .text._ZNKSt6vectorIhSaIhEE4sizeEv
                0x0000000008001ac0       0x20 Core/Src/BufData.o
                0x0000000008001ac0                std::vector<unsigned char, std::allocator<unsigned char> >::size() const
 .text._ZNSt6vectorIS_IhSaIhEESaIS1_EE5beginEv
                0x0000000008001ae0       0x20 Core/Src/BufData.o
                0x0000000008001ae0                std::vector<std::vector<unsigned char, std::allocator<unsigned char> >, std::allocator<std::vector<unsigned char, std::allocator<unsigned char> > > >::begin()
 .text._ZNK9__gnu_cxx17__normal_iteratorIPSt6vectorIhSaIhEES1_IS3_SaIS3_EEEplEi
                0x0000000008001b00       0x36 Core/Src/BufData.o
                0x0000000008001b00                __gnu_cxx::__normal_iterator<std::vector<unsigned char, std::allocator<unsigned char> >*, std::vector<std::vector<unsigned char, std::allocator<unsigned char> >, std::allocator<std::vector<unsigned char, std::allocator<unsigned char> > > > >::operator+(int) const
 .text._ZNSt6vectorIS_IhSaIhEESaIS1_EE3endEv
                0x0000000008001b36       0x22 Core/Src/BufData.o
                0x0000000008001b36                std::vector<std::vector<unsigned char, std::allocator<unsigned char> >, std::allocator<std::vector<unsigned char, std::allocator<unsigned char> > > >::end()
 .text._ZSt19__iterator_categoryIN9__gnu_cxx17__normal_iteratorIPSt6vectorIhSaIhEES2_IS4_SaIS4_EEEEENSt15iterator_traitsIT_E17iterator_categoryERKSA_
                0x0000000008001b58       0x14 Core/Src/BufData.o
                0x0000000008001b58                std::iterator_traits<__gnu_cxx::__normal_iterator<std::vector<unsigned char, std::allocator<unsigned char> >*, std::vector<std::vector<unsigned char, std::allocator<unsigned char> >, std::allocator<std::vector<unsigned char, std::allocator<unsigned char> > > > > >::iterator_category std::__iterator_category<__gnu_cxx::__normal_iterator<std::vector<unsigned char, std::allocator<unsigned char> >*, std::vector<std::vector<unsigned char, std::allocator<unsigned char> >, std::allocator<std::vector<unsigned char, std::allocator<unsigned char> > > > > >(__gnu_cxx::__normal_iterator<std::vector<unsigned char, std::allocator<unsigned char> >*, std::vector<std::vector<unsigned char, std::allocator<unsigned char> >, std::allocator<std::vector<unsigned char, std::allocator<unsigned char> > > > > const&)
 .text._ZNSt3_V26rotateIN9__gnu_cxx17__normal_iteratorIPSt6vectorIhSaIhEES3_IS5_SaIS5_EEEEEET_SA_SA_SA_
                0x0000000008001b6c       0x2c Core/Src/BufData.o
                0x0000000008001b6c                __gnu_cxx::__normal_iterator<std::vector<unsigned char, std::allocator<unsigned char> >*, std::vector<std::vector<unsigned char, std::allocator<unsigned char> >, std::allocator<std::vector<unsigned char, std::allocator<unsigned char> > > > > std::_V2::rotate<__gnu_cxx::__normal_iterator<std::vector<unsigned char, std::allocator<unsigned char> >*, std::vector<std::vector<unsigned char, std::allocator<unsigned char> >, std::allocator<std::vector<unsigned char, std::allocator<unsigned char> > > > > >(__gnu_cxx::__normal_iterator<std::vector<unsigned char, std::allocator<unsigned char> >*, std::vector<std::vector<unsigned char, std::allocator<unsigned char> >, std::allocator<std::vector<unsigned char, std::allocator<unsigned char> > > > >, __gnu_cxx::__normal_iterator<std::vector<unsigned char, std::allocator<unsigned char> >*, std::vector<std::vector<unsigned char, std::allocator<unsigned char> >, std::allocator<std::vector<unsigned char, std::allocator<unsigned char> > > > >, __gnu_cxx::__normal_iterator<std::vector<unsigned char, std::allocator<unsigned char> >*, std::vector<std::vector<unsigned char, std::allocator<unsigned char> >, std::allocator<std::vector<unsigned char, std::allocator<unsigned char> > > > >)
 .text._ZNSt6vectorIPhSaIS0_EE5beginEv
                0x0000000008001b98       0x20 Core/Src/BufData.o
                0x0000000008001b98                std::vector<unsigned char*, std::allocator<unsigned char*> >::begin()
 .text._ZNK9__gnu_cxx17__normal_iteratorIPPhSt6vectorIS1_SaIS1_EEEplEi
                0x0000000008001bb8       0x30 Core/Src/BufData.o
                0x0000000008001bb8                __gnu_cxx::__normal_iterator<unsigned char**, std::vector<unsigned char*, std::allocator<unsigned char*> > >::operator+(int) const
 .text._ZNSt6vectorIPhSaIS0_EE3endEv
                0x0000000008001be8       0x22 Core/Src/BufData.o
                0x0000000008001be8                std::vector<unsigned char*, std::allocator<unsigned char*> >::end()
 .text._ZSt19__iterator_categoryIN9__gnu_cxx17__normal_iteratorIPPhSt6vectorIS2_SaIS2_EEEEENSt15iterator_traitsIT_E17iterator_categoryERKS9_
                0x0000000008001c0a       0x14 Core/Src/BufData.o
                0x0000000008001c0a                std::iterator_traits<__gnu_cxx::__normal_iterator<unsigned char**, std::vector<unsigned char*, std::allocator<unsigned char*> > > >::iterator_category std::__iterator_category<__gnu_cxx::__normal_iterator<unsigned char**, std::vector<unsigned char*, std::allocator<unsigned char*> > > >(__gnu_cxx::__normal_iterator<unsigned char**, std::vector<unsigned char*, std::allocator<unsigned char*> > > const&)
 .text._ZNSt3_V26rotateIN9__gnu_cxx17__normal_iteratorIPPhSt6vectorIS3_SaIS3_EEEEEET_S9_S9_S9_
                0x0000000008001c1e       0x2c Core/Src/BufData.o
                0x0000000008001c1e                __gnu_cxx::__normal_iterator<unsigned char**, std::vector<unsigned char*, std::allocator<unsigned char*> > > std::_V2::rotate<__gnu_cxx::__normal_iterator<unsigned char**, std::vector<unsigned char*, std::allocator<unsigned char*> > > >(__gnu_cxx::__normal_iterator<unsigned char**, std::vector<unsigned char*, std::allocator<unsigned char*> > >, __gnu_cxx::__normal_iterator<unsigned char**, std::vector<unsigned char*, std::allocator<unsigned char*> > >, __gnu_cxx::__normal_iterator<unsigned char**, std::vector<unsigned char*, std::allocator<unsigned char*> > >)
 .text._ZNSt6vectorItSaItEE5beginEv
                0x0000000008001c4a       0x20 Core/Src/BufData.o
                0x0000000008001c4a                std::vector<unsigned short, std::allocator<unsigned short> >::begin()
 .text._ZNK9__gnu_cxx17__normal_iteratorIPtSt6vectorItSaItEEEplEi
                0x0000000008001c6a       0x30 Core/Src/BufData.o
                0x0000000008001c6a                __gnu_cxx::__normal_iterator<unsigned short*, std::vector<unsigned short, std::allocator<unsigned short> > >::operator+(int) const
 .text._ZNSt6vectorItSaItEE3endEv
                0x0000000008001c9a       0x22 Core/Src/BufData.o
                0x0000000008001c9a                std::vector<unsigned short, std::allocator<unsigned short> >::end()
 .text._ZSt19__iterator_categoryIN9__gnu_cxx17__normal_iteratorIPtSt6vectorItSaItEEEEENSt15iterator_traitsIT_E17iterator_categoryERKS8_
                0x0000000008001cbc       0x14 Core/Src/BufData.o
                0x0000000008001cbc                std::iterator_traits<__gnu_cxx::__normal_iterator<unsigned short*, std::vector<unsigned short, std::allocator<unsigned short> > > >::iterator_category std::__iterator_category<__gnu_cxx::__normal_iterator<unsigned short*, std::vector<unsigned short, std::allocator<unsigned short> > > >(__gnu_cxx::__normal_iterator<unsigned short*, std::vector<unsigned short, std::allocator<unsigned short> > > const&)
 .text._ZNSt3_V26rotateIN9__gnu_cxx17__normal_iteratorIPtSt6vectorItSaItEEEEEET_S8_S8_S8_
                0x0000000008001cd0       0x2c Core/Src/BufData.o
                0x0000000008001cd0                __gnu_cxx::__normal_iterator<unsigned short*, std::vector<unsigned short, std::allocator<unsigned short> > > std::_V2::rotate<__gnu_cxx::__normal_iterator<unsigned short*, std::vector<unsigned short, std::allocator<unsigned short> > > >(__gnu_cxx::__normal_iterator<unsigned short*, std::vector<unsigned short, std::allocator<unsigned short> > >, __gnu_cxx::__normal_iterator<unsigned short*, std::vector<unsigned short, std::allocator<unsigned short> > >, __gnu_cxx::__normal_iterator<unsigned short*, std::vector<unsigned short, std::allocator<unsigned short> > >)
 .text._ZNSt6vectorIbSaIbEE5beginEv
                0x0000000008001cfc       0x22 Core/Src/BufData.o
                0x0000000008001cfc                std::vector<bool, std::allocator<bool> >::begin()
 .text._ZNSt6vectorIbSaIbEE3endEv
                0x0000000008001d1e       0x24 Core/Src/BufData.o
                0x0000000008001d1e                std::vector<bool, std::allocator<bool> >::end()
 .text._ZSt19__iterator_categoryISt13_Bit_iteratorENSt15iterator_traitsIT_E17iterator_categoryERKS2_
                0x0000000008001d42       0x14 Core/Src/BufData.o
                0x0000000008001d42                std::iterator_traits<std::_Bit_iterator>::iterator_category std::__iterator_category<std::_Bit_iterator>(std::_Bit_iterator const&)
 .text._ZNSt3_V26rotateISt13_Bit_iteratorEET_S2_S2_S2_
                0x0000000008001d56       0x4c Core/Src/BufData.o
                0x0000000008001d56                std::_Bit_iterator std::_V2::rotate<std::_Bit_iterator>(std::_Bit_iterator, std::_Bit_iterator, std::_Bit_iterator)
 .text._ZNSt6vectorIPhSaIS0_EEixEj
                0x0000000008001da2       0x20 Core/Src/BufData.o
                0x0000000008001da2                std::vector<unsigned char*, std::allocator<unsigned char*> >::operator[](unsigned int)
 .text._ZNSt6vectorItSaItEEixEj
                0x0000000008001dc2       0x20 Core/Src/BufData.o
                0x0000000008001dc2                std::vector<unsigned short, std::allocator<unsigned short> >::operator[](unsigned int)
 .text._ZNSt6vectorIbSaIbEEixEj
                0x0000000008001de2       0x3e Core/Src/BufData.o
                0x0000000008001de2                std::vector<bool, std::allocator<bool> >::operator[](unsigned int)
 .text._ZSt12__niter_baseIPmET_S1_
                0x0000000008001e20       0x16 Core/Src/BufData.o
                0x0000000008001e20                unsigned long* std::__niter_base<unsigned long*>(unsigned long*)
 .text._ZSt8__fill_aIPmiEN9__gnu_cxx11__enable_ifIXsrSt11__is_scalarIT0_E7__valueEvE6__typeET_S8_RKS4_
                0x0000000008001e36       0x34 Core/Src/BufData.o
                0x0000000008001e36                __gnu_cxx::__enable_if<std::__is_scalar<int>::__value, void>::__type std::__fill_a<unsigned long*, int>(unsigned long*, unsigned long*, int const&)
 .text._ZNSt12_Vector_baseISt6vectorIhSaIhEESaIS2_EEC2Ev
                0x0000000008001e6a       0x1a Core/Src/BufData.o
                0x0000000008001e6a                std::_Vector_base<std::vector<unsigned char, std::allocator<unsigned char> >, std::allocator<std::vector<unsigned char, std::allocator<unsigned char> > > >::_Vector_base()
                0x0000000008001e6a                std::_Vector_base<std::vector<unsigned char, std::allocator<unsigned char> >, std::allocator<std::vector<unsigned char, std::allocator<unsigned char> > > >::_Vector_base()
 .text._ZNSt12_Vector_baseISt6vectorIhSaIhEESaIS2_EE19_M_get_Tp_allocatorEv
                0x0000000008001e84       0x16 Core/Src/BufData.o
                0x0000000008001e84                std::_Vector_base<std::vector<unsigned char, std::allocator<unsigned char> >, std::allocator<std::vector<unsigned char, std::allocator<unsigned char> > > >::_M_get_Tp_allocator()
 .text._ZSt8_DestroyIPSt6vectorIhSaIhEES2_EvT_S4_RSaIT0_E
                0x0000000008001e9a       0x1c Core/Src/BufData.o
                0x0000000008001e9a                void std::_Destroy<std::vector<unsigned char, std::allocator<unsigned char> >*, std::vector<unsigned char, std::allocator<unsigned char> > >(std::vector<unsigned char, std::allocator<unsigned char> >*, std::vector<unsigned char, std::allocator<unsigned char> >*, std::allocator<std::vector<unsigned char, std::allocator<unsigned char> > >&)
 .text._ZNSt12_Vector_baseIPhSaIS0_EEC2Ev
                0x0000000008001eb6       0x1a Core/Src/BufData.o
                0x0000000008001eb6                std::_Vector_base<unsigned char*, std::allocator<unsigned char*> >::_Vector_base()
                0x0000000008001eb6                std::_Vector_base<unsigned char*, std::allocator<unsigned char*> >::_Vector_base()
 .text._ZNSt12_Vector_baseIPhSaIS0_EE19_M_get_Tp_allocatorEv
                0x0000000008001ed0       0x16 Core/Src/BufData.o
                0x0000000008001ed0                std::_Vector_base<unsigned char*, std::allocator<unsigned char*> >::_M_get_Tp_allocator()
 .text._ZSt8_DestroyIPPhS0_EvT_S2_RSaIT0_E
                0x0000000008001ee6       0x1c Core/Src/BufData.o
                0x0000000008001ee6                void std::_Destroy<unsigned char**, unsigned char*>(unsigned char**, unsigned char**, std::allocator<unsigned char*>&)
 .text._ZNSt12_Vector_baseItSaItEEC2Ev
                0x0000000008001f02       0x1a Core/Src/BufData.o
                0x0000000008001f02                std::_Vector_base<unsigned short, std::allocator<unsigned short> >::_Vector_base()
                0x0000000008001f02                std::_Vector_base<unsigned short, std::allocator<unsigned short> >::_Vector_base()
 .text._ZNSt12_Vector_baseItSaItEE19_M_get_Tp_allocatorEv
                0x0000000008001f1c       0x16 Core/Src/BufData.o
                0x0000000008001f1c                std::_Vector_base<unsigned short, std::allocator<unsigned short> >::_M_get_Tp_allocator()
 .text._ZSt8_DestroyIPttEvT_S1_RSaIT0_E
                0x0000000008001f32       0x1c Core/Src/BufData.o
                0x0000000008001f32                void std::_Destroy<unsigned short*, unsigned short>(unsigned short*, unsigned short*, std::allocator<unsigned short>&)
 .text._ZNSt13_Bvector_baseISaIbEEC2Ev
                0x0000000008001f4e       0x1a Core/Src/BufData.o
                0x0000000008001f4e                std::_Bvector_base<std::allocator<bool> >::_Bvector_base()
                0x0000000008001f4e                std::_Bvector_base<std::allocator<bool> >::_Bvector_base()
 .text._ZNKSt6vectorIS_IhSaIhEESaIS1_EE4sizeEv
                0x0000000008001f68       0x2c Core/Src/BufData.o
                0x0000000008001f68                std::vector<std::vector<unsigned char, std::allocator<unsigned char> >, std::allocator<std::vector<unsigned char, std::allocator<unsigned char> > > >::size() const
 .text._ZNSt6vectorIS_IhSaIhEESaIS1_EE17_M_default_appendEj
                0x0000000008001f94      0x110 Core/Src/BufData.o
                0x0000000008001f94                std::vector<std::vector<unsigned char, std::allocator<unsigned char> >, std::allocator<std::vector<unsigned char, std::allocator<unsigned char> > > >::_M_default_append(unsigned int)
 .text._ZNSt6vectorIS_IhSaIhEESaIS1_EE15_M_erase_at_endEPS1_
                0x00000000080020a4       0x30 Core/Src/BufData.o
                0x00000000080020a4                std::vector<std::vector<unsigned char, std::allocator<unsigned char> >, std::allocator<std::vector<unsigned char, std::allocator<unsigned char> > > >::_M_erase_at_end(std::vector<unsigned char, std::allocator<unsigned char> >*)
 .text._ZNKSt6vectorIPhSaIS0_EE4sizeEv
                0x00000000080020d4       0x22 Core/Src/BufData.o
                0x00000000080020d4                std::vector<unsigned char*, std::allocator<unsigned char*> >::size() const
 *fill*         0x00000000080020f6        0x2 
 .text._ZNSt6vectorIPhSaIS0_EE17_M_default_appendEj
                0x00000000080020f8       0xf8 Core/Src/BufData.o
                0x00000000080020f8                std::vector<unsigned char*, std::allocator<unsigned char*> >::_M_default_append(unsigned int)
 .text._ZNSt6vectorIPhSaIS0_EE15_M_erase_at_endEPS0_
                0x00000000080021f0       0x30 Core/Src/BufData.o
                0x00000000080021f0                std::vector<unsigned char*, std::allocator<unsigned char*> >::_M_erase_at_end(unsigned char**)
 .text._ZNKSt6vectorItSaItEE4sizeEv
                0x0000000008002220       0x22 Core/Src/BufData.o
                0x0000000008002220                std::vector<unsigned short, std::allocator<unsigned short> >::size() const
 *fill*         0x0000000008002242        0x2 
 .text._ZNSt6vectorItSaItEE17_M_default_appendEj
                0x0000000008002244       0xf8 Core/Src/BufData.o
                0x0000000008002244                std::vector<unsigned short, std::allocator<unsigned short> >::_M_default_append(unsigned int)
 .text._ZNSt6vectorItSaItEE15_M_erase_at_endEPt
                0x000000000800233c       0x30 Core/Src/BufData.o
                0x000000000800233c                std::vector<unsigned short, std::allocator<unsigned short> >::_M_erase_at_end(unsigned short*)
 .text._ZNKSt6vectorIbSaIbEE4sizeEv
                0x000000000800236c       0x3a Core/Src/BufData.o
                0x000000000800236c                std::vector<bool, std::allocator<bool> >::size() const
 .text._ZNSt6vectorIbSaIbEE15_M_erase_at_endESt13_Bit_iterator
                0x00000000080023a6       0x28 Core/Src/BufData.o
                0x00000000080023a6                std::vector<bool, std::allocator<bool> >::_M_erase_at_end(std::_Bit_iterator)
 .text._ZNSt6vectorIbSaIbEE6insertESt19_Bit_const_iteratorjRKb
                0x00000000080023ce       0x70 Core/Src/BufData.o
                0x00000000080023ce                std::vector<bool, std::allocator<bool> >::insert(std::_Bit_const_iterator, unsigned int, bool const&)
 *fill*         0x000000000800243e        0x2 
 .text._ZNSt6vectorIhSaIhEE17_M_default_appendEj
                0x0000000008002440       0xf4 Core/Src/BufData.o
                0x0000000008002440                std::vector<unsigned char, std::allocator<unsigned char> >::_M_default_append(unsigned int)
 .text._ZNSt6vectorIhSaIhEE15_M_erase_at_endEPh
                0x0000000008002534       0x30 Core/Src/BufData.o
                0x0000000008002534                std::vector<unsigned char, std::allocator<unsigned char> >::_M_erase_at_end(unsigned char*)
 .text._ZN9__gnu_cxx17__normal_iteratorIPSt6vectorIhSaIhEES1_IS3_SaIS3_EEEC2ERKS4_
                0x0000000008002564       0x20 Core/Src/BufData.o
                0x0000000008002564                __gnu_cxx::__normal_iterator<std::vector<unsigned char, std::allocator<unsigned char> >*, std::vector<std::vector<unsigned char, std::allocator<unsigned char> >, std::allocator<std::vector<unsigned char, std::allocator<unsigned char> > > > >::__normal_iterator(std::vector<unsigned char, std::allocator<unsigned char> >* const&)
                0x0000000008002564                __gnu_cxx::__normal_iterator<std::vector<unsigned char, std::allocator<unsigned char> >*, std::vector<std::vector<unsigned char, std::allocator<unsigned char> >, std::allocator<std::vector<unsigned char, std::allocator<unsigned char> > > > >::__normal_iterator(std::vector<unsigned char, std::allocator<unsigned char> >* const&)
 .text._ZSt4moveIRSt6vectorIhSaIhEEEONSt16remove_referenceIT_E4typeEOS5_
                0x0000000008002584       0x16 Core/Src/BufData.o
                0x0000000008002584                std::remove_reference<std::vector<unsigned char, std::allocator<unsigned char> >&>::type&& std::move<std::vector<unsigned char, std::allocator<unsigned char> >&>(std::vector<unsigned char, std::allocator<unsigned char> >&)
 .text._ZNSt3_V28__rotateIN9__gnu_cxx17__normal_iteratorIPSt6vectorIhSaIhEES3_IS5_SaIS5_EEEEEET_SA_SA_SA_St26random_access_iterator_tag
                0x000000000800259a      0x1be Core/Src/BufData.o
                0x000000000800259a                __gnu_cxx::__normal_iterator<std::vector<unsigned char, std::allocator<unsigned char> >*, std::vector<std::vector<unsigned char, std::allocator<unsigned char> >, std::allocator<std::vector<unsigned char, std::allocator<unsigned char> > > > > std::_V2::__rotate<__gnu_cxx::__normal_iterator<std::vector<unsigned char, std::allocator<unsigned char> >*, std::vector<std::vector<unsigned char, std::allocator<unsigned char> >, std::allocator<std::vector<unsigned char, std::allocator<unsigned char> > > > > >(__gnu_cxx::__normal_iterator<std::vector<unsigned char, std::allocator<unsigned char> >*, std::vector<std::vector<unsigned char, std::allocator<unsigned char> >, std::allocator<std::vector<unsigned char, std::allocator<unsigned char> > > > >, __gnu_cxx::__normal_iterator<std::vector<unsigned char, std::allocator<unsigned char> >*, std::vector<std::vector<unsigned char, std::allocator<unsigned char> >, std::allocator<std::vector<unsigned char, std::allocator<unsigned char> > > > >, __gnu_cxx::__normal_iterator<std::vector<unsigned char, std::allocator<unsigned char> >*, std::vector<std::vector<unsigned char, std::allocator<unsigned char> >, std::allocator<std::vector<unsigned char, std::allocator<unsigned char> > > > >, std::random_access_iterator_tag)
 .text._ZN9__gnu_cxx17__normal_iteratorIPPhSt6vectorIS1_SaIS1_EEEC2ERKS2_
                0x0000000008002758       0x20 Core/Src/BufData.o
                0x0000000008002758                __gnu_cxx::__normal_iterator<unsigned char**, std::vector<unsigned char*, std::allocator<unsigned char*> > >::__normal_iterator(unsigned char** const&)
                0x0000000008002758                __gnu_cxx::__normal_iterator<unsigned char**, std::vector<unsigned char*, std::allocator<unsigned char*> > >::__normal_iterator(unsigned char** const&)
 .text._ZNSt3_V28__rotateIN9__gnu_cxx17__normal_iteratorIPPhSt6vectorIS3_SaIS3_EEEEEET_S9_S9_S9_St26random_access_iterator_tag
                0x0000000008002778      0x2e2 Core/Src/BufData.o
                0x0000000008002778                __gnu_cxx::__normal_iterator<unsigned char**, std::vector<unsigned char*, std::allocator<unsigned char*> > > std::_V2::__rotate<__gnu_cxx::__normal_iterator<unsigned char**, std::vector<unsigned char*, std::allocator<unsigned char*> > > >(__gnu_cxx::__normal_iterator<unsigned char**, std::vector<unsigned char*, std::allocator<unsigned char*> > >, __gnu_cxx::__normal_iterator<unsigned char**, std::vector<unsigned char*, std::allocator<unsigned char*> > >, __gnu_cxx::__normal_iterator<unsigned char**, std::vector<unsigned char*, std::allocator<unsigned char*> > >, std::random_access_iterator_tag)
 .text._ZN9__gnu_cxx17__normal_iteratorIPtSt6vectorItSaItEEEC2ERKS1_
                0x0000000008002a5a       0x20 Core/Src/BufData.o
                0x0000000008002a5a                __gnu_cxx::__normal_iterator<unsigned short*, std::vector<unsigned short, std::allocator<unsigned short> > >::__normal_iterator(unsigned short* const&)
                0x0000000008002a5a                __gnu_cxx::__normal_iterator<unsigned short*, std::vector<unsigned short, std::allocator<unsigned short> > >::__normal_iterator(unsigned short* const&)
 .text._ZNSt3_V28__rotateIN9__gnu_cxx17__normal_iteratorIPtSt6vectorItSaItEEEEEET_S8_S8_S8_St26random_access_iterator_tag
                0x0000000008002a7a      0x2e2 Core/Src/BufData.o
                0x0000000008002a7a                __gnu_cxx::__normal_iterator<unsigned short*, std::vector<unsigned short, std::allocator<unsigned short> > > std::_V2::__rotate<__gnu_cxx::__normal_iterator<unsigned short*, std::vector<unsigned short, std::allocator<unsigned short> > > >(__gnu_cxx::__normal_iterator<unsigned short*, std::vector<unsigned short, std::allocator<unsigned short> > >, __gnu_cxx::__normal_iterator<unsigned short*, std::vector<unsigned short, std::allocator<unsigned short> > >, __gnu_cxx::__normal_iterator<unsigned short*, std::vector<unsigned short, std::allocator<unsigned short> > >, std::random_access_iterator_tag)
 .text._ZSt4moveIRbEONSt16remove_referenceIT_E4typeEOS2_
                0x0000000008002d5c       0x16 Core/Src/BufData.o
                0x0000000008002d5c                std::remove_reference<bool&>::type&& std::move<bool&>(bool&)
 .text._ZNSt3_V28__rotateISt13_Bit_iteratorEET_S2_S2_S2_St26random_access_iterator_tag
                0x0000000008002d72      0x416 Core/Src/BufData.o
                0x0000000008002d72                std::_Bit_iterator std::_V2::__rotate<std::_Bit_iterator>(std::_Bit_iterator, std::_Bit_iterator, std::_Bit_iterator, std::random_access_iterator_tag)
 .text._ZNSt12_Vector_baseISt6vectorIhSaIhEESaIS2_EE12_Vector_implC2Ev
                0x0000000008003188       0x2a Core/Src/BufData.o
                0x0000000008003188                std::_Vector_base<std::vector<unsigned char, std::allocator<unsigned char> >, std::allocator<std::vector<unsigned char, std::allocator<unsigned char> > > >::_Vector_impl::_Vector_impl()
                0x0000000008003188                std::_Vector_base<std::vector<unsigned char, std::allocator<unsigned char> >, std::allocator<std::vector<unsigned char, std::allocator<unsigned char> > > >::_Vector_impl::_Vector_impl()
 .text._ZNSt12_Vector_baseISt6vectorIhSaIhEESaIS2_EE13_M_deallocateEPS2_j
                0x00000000080031b2       0x26 Core/Src/BufData.o
                0x00000000080031b2                std::_Vector_base<std::vector<unsigned char, std::allocator<unsigned char> >, std::allocator<std::vector<unsigned char, std::allocator<unsigned char> > > >::_M_deallocate(std::vector<unsigned char, std::allocator<unsigned char> >*, unsigned int)
 .text._ZSt8_DestroyIPSt6vectorIhSaIhEEEvT_S4_
                0x00000000080031d8       0x1a Core/Src/BufData.o
                0x00000000080031d8                void std::_Destroy<std::vector<unsigned char, std::allocator<unsigned char> >*>(std::vector<unsigned char, std::allocator<unsigned char> >*, std::vector<unsigned char, std::allocator<unsigned char> >*)
 .text._ZNSt12_Vector_baseIPhSaIS0_EE12_Vector_implC2Ev
                0x00000000080031f2       0x2a Core/Src/BufData.o
                0x00000000080031f2                std::_Vector_base<unsigned char*, std::allocator<unsigned char*> >::_Vector_impl::_Vector_impl()
                0x00000000080031f2                std::_Vector_base<unsigned char*, std::allocator<unsigned char*> >::_Vector_impl::_Vector_impl()
 .text._ZNSt12_Vector_baseIPhSaIS0_EE13_M_deallocateEPS0_j
                0x000000000800321c       0x26 Core/Src/BufData.o
                0x000000000800321c                std::_Vector_base<unsigned char*, std::allocator<unsigned char*> >::_M_deallocate(unsigned char**, unsigned int)
 .text._ZSt8_DestroyIPPhEvT_S2_
                0x0000000008003242       0x1a Core/Src/BufData.o
                0x0000000008003242                void std::_Destroy<unsigned char**>(unsigned char**, unsigned char**)
 .text._ZNSt12_Vector_baseItSaItEE12_Vector_implC2Ev
                0x000000000800325c       0x2a Core/Src/BufData.o
                0x000000000800325c                std::_Vector_base<unsigned short, std::allocator<unsigned short> >::_Vector_impl::_Vector_impl()
                0x000000000800325c                std::_Vector_base<unsigned short, std::allocator<unsigned short> >::_Vector_impl::_Vector_impl()
 .text._ZNSt12_Vector_baseItSaItEE13_M_deallocateEPtj
                0x0000000008003286       0x26 Core/Src/BufData.o
                0x0000000008003286                std::_Vector_base<unsigned short, std::allocator<unsigned short> >::_M_deallocate(unsigned short*, unsigned int)
 .text._ZSt8_DestroyIPtEvT_S1_
                0x00000000080032ac       0x1a Core/Src/BufData.o
                0x00000000080032ac                void std::_Destroy<unsigned short*>(unsigned short*, unsigned short*)
 .text._ZNSt13_Bvector_baseISaIbEE13_Bvector_implC2Ev
                0x00000000080032c6       0x30 Core/Src/BufData.o
                0x00000000080032c6                std::_Bvector_base<std::allocator<bool> >::_Bvector_impl::_Bvector_impl()
                0x00000000080032c6                std::_Bvector_base<std::allocator<bool> >::_Bvector_impl::_Bvector_impl()
 .text._ZNSt13_Bvector_baseISaIbEE13_M_deallocateEv
                0x00000000080032f6       0x74 Core/Src/BufData.o
                0x00000000080032f6                std::_Bvector_base<std::allocator<bool> >::_M_deallocate()
 .text._ZSt27__uninitialized_default_n_aIPSt6vectorIhSaIhEEjS2_ET_S4_T0_RSaIT1_E
                0x000000000800336a       0x1e Core/Src/BufData.o
                0x000000000800336a                std::vector<unsigned char, std::allocator<unsigned char> >* std::__uninitialized_default_n_a<std::vector<unsigned char, std::allocator<unsigned char> >*, unsigned int, std::vector<unsigned char, std::allocator<unsigned char> > >(std::vector<unsigned char, std::allocator<unsigned char> >*, unsigned int, std::allocator<std::vector<unsigned char, std::allocator<unsigned char> > >&)
 .text._ZNKSt6vectorIS_IhSaIhEESaIS1_EE12_M_check_lenEjPKc
                0x0000000008003388       0x90 Core/Src/BufData.o
                0x0000000008003388                std::vector<std::vector<unsigned char, std::allocator<unsigned char> >, std::allocator<std::vector<unsigned char, std::allocator<unsigned char> > > >::_M_check_len(unsigned int, char const*) const
 .text._ZNSt12_Vector_baseISt6vectorIhSaIhEESaIS2_EE11_M_allocateEj
                0x0000000008003418       0x28 Core/Src/BufData.o
                0x0000000008003418                std::_Vector_base<std::vector<unsigned char, std::allocator<unsigned char> >, std::allocator<std::vector<unsigned char, std::allocator<unsigned char> > > >::_M_allocate(unsigned int)
 .text._ZSt34__uninitialized_move_if_noexcept_aIPSt6vectorIhSaIhEES3_SaIS2_EET0_T_S6_S5_RT1_
                0x0000000008003440       0x32 Core/Src/BufData.o
                0x0000000008003440                std::vector<unsigned char, std::allocator<unsigned char> >* std::__uninitialized_move_if_noexcept_a<std::vector<unsigned char, std::allocator<unsigned char> >*, std::vector<unsigned char, std::allocator<unsigned char> >*, std::allocator<std::vector<unsigned char, std::allocator<unsigned char> > > >(std::vector<unsigned char, std::allocator<unsigned char> >*, std::vector<unsigned char, std::allocator<unsigned char> >*, std::vector<unsigned char, std::allocator<unsigned char> >*, std::allocator<std::vector<unsigned char, std::allocator<unsigned char> > >&)
 .text._ZSt27__uninitialized_default_n_aIPPhjS0_ET_S2_T0_RSaIT1_E
                0x0000000008003472       0x1e Core/Src/BufData.o
                0x0000000008003472                unsigned char** std::__uninitialized_default_n_a<unsigned char**, unsigned int, unsigned char*>(unsigned char**, unsigned int, std::allocator<unsigned char*>&)
 .text._ZNKSt6vectorIPhSaIS0_EE12_M_check_lenEjPKc
                0x0000000008003490       0x90 Core/Src/BufData.o
                0x0000000008003490                std::vector<unsigned char*, std::allocator<unsigned char*> >::_M_check_len(unsigned int, char const*) const
 .text._ZNSt12_Vector_baseIPhSaIS0_EE11_M_allocateEj
                0x0000000008003520       0x28 Core/Src/BufData.o
                0x0000000008003520                std::_Vector_base<unsigned char*, std::allocator<unsigned char*> >::_M_allocate(unsigned int)
 .text._ZSt34__uninitialized_move_if_noexcept_aIPPhS1_SaIS0_EET0_T_S4_S3_RT1_
                0x0000000008003548       0x32 Core/Src/BufData.o
                0x0000000008003548                unsigned char** std::__uninitialized_move_if_noexcept_a<unsigned char**, unsigned char**, std::allocator<unsigned char*> >(unsigned char**, unsigned char**, unsigned char**, std::allocator<unsigned char*>&)
 .text._ZSt27__uninitialized_default_n_aIPtjtET_S1_T0_RSaIT1_E
                0x000000000800357a       0x1e Core/Src/BufData.o
                0x000000000800357a                unsigned short* std::__uninitialized_default_n_a<unsigned short*, unsigned int, unsigned short>(unsigned short*, unsigned int, std::allocator<unsigned short>&)
 .text._ZNKSt6vectorItSaItEE12_M_check_lenEjPKc
                0x0000000008003598       0x90 Core/Src/BufData.o
                0x0000000008003598                std::vector<unsigned short, std::allocator<unsigned short> >::_M_check_len(unsigned int, char const*) const
 .text._ZNSt12_Vector_baseItSaItEE11_M_allocateEj
                0x0000000008003628       0x28 Core/Src/BufData.o
                0x0000000008003628                std::_Vector_base<unsigned short, std::allocator<unsigned short> >::_M_allocate(unsigned int)
 .text._ZSt34__uninitialized_move_if_noexcept_aIPtS0_SaItEET0_T_S3_S2_RT1_
                0x0000000008003650       0x32 Core/Src/BufData.o
                0x0000000008003650                unsigned short* std::__uninitialized_move_if_noexcept_a<unsigned short*, unsigned short*, std::allocator<unsigned short> >(unsigned short*, unsigned short*, unsigned short*, std::allocator<unsigned short>&)
 .text._ZNKSt6vectorIbSaIbEE3endEv
                0x0000000008003682       0x1e Core/Src/BufData.o
                0x0000000008003682                std::vector<bool, std::allocator<bool> >::end() const
 .text._ZNKSt6vectorIbSaIbEE5beginEv
                0x00000000080036a0       0x1c Core/Src/BufData.o
                0x00000000080036a0                std::vector<bool, std::allocator<bool> >::begin() const
 .text._ZNKSt6vectorIbSaIbEE6cbeginEv
                0x00000000080036bc       0x1c Core/Src/BufData.o
                0x00000000080036bc                std::vector<bool, std::allocator<bool> >::cbegin() const
 .text._ZNSt6vectorIbSaIbEE14_M_fill_insertESt13_Bit_iteratorjb
                0x00000000080036d8      0x1dc Core/Src/BufData.o
                0x00000000080036d8                std::vector<bool, std::allocator<bool> >::_M_fill_insert(std::_Bit_iterator, unsigned int, bool)
 .text._ZNSt12_Vector_baseIhSaIhEE19_M_get_Tp_allocatorEv
                0x00000000080038b4       0x16 Core/Src/BufData.o
                0x00000000080038b4                std::_Vector_base<unsigned char, std::allocator<unsigned char> >::_M_get_Tp_allocator()
 .text._ZSt27__uninitialized_default_n_aIPhjhET_S1_T0_RSaIT1_E
                0x00000000080038ca       0x1e Core/Src/BufData.o
                0x00000000080038ca                unsigned char* std::__uninitialized_default_n_a<unsigned char*, unsigned int, unsigned char>(unsigned char*, unsigned int, std::allocator<unsigned char>&)
 .text._ZNKSt6vectorIhSaIhEE12_M_check_lenEjPKc
                0x00000000080038e8       0x90 Core/Src/BufData.o
                0x00000000080038e8                std::vector<unsigned char, std::allocator<unsigned char> >::_M_check_len(unsigned int, char const*) const
 .text._ZNSt12_Vector_baseIhSaIhEE11_M_allocateEj
                0x0000000008003978       0x28 Core/Src/BufData.o
                0x0000000008003978                std::_Vector_base<unsigned char, std::allocator<unsigned char> >::_M_allocate(unsigned int)
 .text._ZSt34__uninitialized_move_if_noexcept_aIPhS0_SaIhEET0_T_S3_S2_RT1_
                0x00000000080039a0       0x32 Core/Src/BufData.o
                0x00000000080039a0                unsigned char* std::__uninitialized_move_if_noexcept_a<unsigned char*, unsigned char*, std::allocator<unsigned char> >(unsigned char*, unsigned char*, unsigned char*, std::allocator<unsigned char>&)
 .text._ZSt8_DestroyIPhhEvT_S1_RSaIT0_E
                0x00000000080039d2       0x1c Core/Src/BufData.o
                0x00000000080039d2                void std::_Destroy<unsigned char*, unsigned char>(unsigned char*, unsigned char*, std::allocator<unsigned char>&)
 .text._ZNSt12_Vector_baseIhSaIhEE13_M_deallocateEPhj
                0x00000000080039ee       0x26 Core/Src/BufData.o
                0x00000000080039ee                std::_Vector_base<unsigned char, std::allocator<unsigned char> >::_M_deallocate(unsigned char*, unsigned int)
 .text._ZN9__gnu_cxxeqIPSt6vectorIhSaIhEES1_IS3_SaIS3_EEEEbRKNS_17__normal_iteratorIT_T0_EESC_
                0x0000000008003a14       0x30 Core/Src/BufData.o
                0x0000000008003a14                bool __gnu_cxx::operator==<std::vector<unsigned char, std::allocator<unsigned char> >*, std::vector<std::vector<unsigned char, std::allocator<unsigned char> >, std::allocator<std::vector<unsigned char, std::allocator<unsigned char> > > > >(__gnu_cxx::__normal_iterator<std::vector<unsigned char, std::allocator<unsigned char> >*, std::vector<std::vector<unsigned char, std::allocator<unsigned char> >, std::allocator<std::vector<unsigned char, std::allocator<unsigned char> > > > > const&, __gnu_cxx::__normal_iterator<std::vector<unsigned char, std::allocator<unsigned char> >*, std::vector<std::vector<unsigned char, std::allocator<unsigned char> >, std::allocator<std::vector<unsigned char, std::allocator<unsigned char> > > > > const&)
 .text._ZN9__gnu_cxxmiIPSt6vectorIhSaIhEES1_IS3_SaIS3_EEEENS_17__normal_iteratorIT_T0_E15difference_typeERKSA_SD_
                0x0000000008003a44       0x38 Core/Src/BufData.o
                0x0000000008003a44                __gnu_cxx::__normal_iterator<std::vector<unsigned char, std::allocator<unsigned char> >*, std::vector<std::vector<unsigned char, std::allocator<unsigned char> >, std::allocator<std::vector<unsigned char, std::allocator<unsigned char> > > > >::difference_type __gnu_cxx::operator-<std::vector<unsigned char, std::allocator<unsigned char> >*, std::vector<std::vector<unsigned char, std::allocator<unsigned char> >, std::allocator<std::vector<unsigned char, std::allocator<unsigned char> > > > >(__gnu_cxx::__normal_iterator<std::vector<unsigned char, std::allocator<unsigned char> >*, std::vector<std::vector<unsigned char, std::allocator<unsigned char> >, std::allocator<std::vector<unsigned char, std::allocator<unsigned char> > > > > const&, __gnu_cxx::__normal_iterator<std::vector<unsigned char, std::allocator<unsigned char> >*, std::vector<std::vector<unsigned char, std::allocator<unsigned char> >, std::allocator<std::vector<unsigned char, std::allocator<unsigned char> > > > > const&)
 .text._ZSt11swap_rangesIN9__gnu_cxx17__normal_iteratorIPSt6vectorIhSaIhEES2_IS4_SaIS4_EEEES8_ET0_T_SA_S9_
                0x0000000008003a7c       0x48 Core/Src/BufData.o
                0x0000000008003a7c                __gnu_cxx::__normal_iterator<std::vector<unsigned char, std::allocator<unsigned char> >*, std::vector<std::vector<unsigned char, std::allocator<unsigned char> >, std::allocator<std::vector<unsigned char, std::allocator<unsigned char> > > > > std::swap_ranges<__gnu_cxx::__normal_iterator<std::vector<unsigned char, std::allocator<unsigned char> >*, std::vector<std::vector<unsigned char, std::allocator<unsigned char> >, std::allocator<std::vector<unsigned char, std::allocator<unsigned char> > > > >, __gnu_cxx::__normal_iterator<std::vector<unsigned char, std::allocator<unsigned char> >*, std::vector<std::vector<unsigned char, std::allocator<unsigned char> >, std::allocator<std::vector<unsigned char, std::allocator<unsigned char> > > > > >(__gnu_cxx::__normal_iterator<std::vector<unsigned char, std::allocator<unsigned char> >*, std::vector<std::vector<unsigned char, std::allocator<unsigned char> >, std::allocator<std::vector<unsigned char, std::allocator<unsigned char> > > > >, __gnu_cxx::__normal_iterator<std::vector<unsigned char, std::allocator<unsigned char> >*, std::vector<std::vector<unsigned char, std::allocator<unsigned char> >, std::allocator<std::vector<unsigned char, std::allocator<unsigned char> > > > >, __gnu_cxx::__normal_iterator<std::vector<unsigned char, std::allocator<unsigned char> >*, std::vector<std::vector<unsigned char, std::allocator<unsigned char> >, std::allocator<std::vector<unsigned char, std::allocator<unsigned char> > > > >)
 .text._ZNK9__gnu_cxx17__normal_iteratorIPSt6vectorIhSaIhEES1_IS3_SaIS3_EEEdeEv
                0x0000000008003ac4       0x18 Core/Src/BufData.o
                0x0000000008003ac4                __gnu_cxx::__normal_iterator<std::vector<unsigned char, std::allocator<unsigned char> >*, std::vector<std::vector<unsigned char, std::allocator<unsigned char> >, std::allocator<std::vector<unsigned char, std::allocator<unsigned char> > > > >::operator*() const
 .text._ZNSt6vectorIhSaIhEEC2EOS1_
                0x0000000008003adc       0x26 Core/Src/BufData.o
                0x0000000008003adc                std::vector<unsigned char, std::allocator<unsigned char> >::vector(std::vector<unsigned char, std::allocator<unsigned char> >&&)
                0x0000000008003adc                std::vector<unsigned char, std::allocator<unsigned char> >::vector(std::vector<unsigned char, std::allocator<unsigned char> >&&)
 .text._ZNSt6vectorIhSaIhEED2Ev
                0x0000000008003b02       0x36 Core/Src/BufData.o
                0x0000000008003b02                std::vector<unsigned char, std::allocator<unsigned char> >::~vector()
                0x0000000008003b02                std::vector<unsigned char, std::allocator<unsigned char> >::~vector()
 .text._ZNK9__gnu_cxx17__normal_iteratorIPSt6vectorIhSaIhEES1_IS3_SaIS3_EEEmiEi
                0x0000000008003b38       0x38 Core/Src/BufData.o
                0x0000000008003b38                __gnu_cxx::__normal_iterator<std::vector<unsigned char, std::allocator<unsigned char> >*, std::vector<std::vector<unsigned char, std::allocator<unsigned char> >, std::allocator<std::vector<unsigned char, std::allocator<unsigned char> > > > >::operator-(int) const
 .text._ZSt9iter_swapIN9__gnu_cxx17__normal_iteratorIPSt6vectorIhSaIhEES2_IS4_SaIS4_EEEES8_EvT_T0_
                0x0000000008003b70       0x2e Core/Src/BufData.o
                0x0000000008003b70                void std::iter_swap<__gnu_cxx::__normal_iterator<std::vector<unsigned char, std::allocator<unsigned char> >*, std::vector<std::vector<unsigned char, std::allocator<unsigned char> >, std::allocator<std::vector<unsigned char, std::allocator<unsigned char> > > > >, __gnu_cxx::__normal_iterator<std::vector<unsigned char, std::allocator<unsigned char> >*, std::vector<std::vector<unsigned char, std::allocator<unsigned char> >, std::allocator<std::vector<unsigned char, std::allocator<unsigned char> > > > > >(__gnu_cxx::__normal_iterator<std::vector<unsigned char, std::allocator<unsigned char> >*, std::vector<std::vector<unsigned char, std::allocator<unsigned char> >, std::allocator<std::vector<unsigned char, std::allocator<unsigned char> > > > >, __gnu_cxx::__normal_iterator<std::vector<unsigned char, std::allocator<unsigned char> >*, std::vector<std::vector<unsigned char, std::allocator<unsigned char> >, std::allocator<std::vector<unsigned char, std::allocator<unsigned char> > > > >)
 .text._ZN9__gnu_cxx17__normal_iteratorIPSt6vectorIhSaIhEES1_IS3_SaIS3_EEEppEv
                0x0000000008003b9e       0x22 Core/Src/BufData.o
                0x0000000008003b9e                __gnu_cxx::__normal_iterator<std::vector<unsigned char, std::allocator<unsigned char> >*, std::vector<std::vector<unsigned char, std::allocator<unsigned char> >, std::allocator<std::vector<unsigned char, std::allocator<unsigned char> > > > >::operator++()
 .text._ZSt4moveIRiEONSt16remove_referenceIT_E4typeEOS2_
                0x0000000008003bc0       0x16 Core/Src/BufData.o
                0x0000000008003bc0                std::remove_reference<int&>::type&& std::move<int&>(int&)
 .text._ZSt4swapIiENSt9enable_ifIXsrSt6__and_IJSt6__not_ISt15__is_tuple_likeIT_EESt21is_move_constructibleIS4_ESt18is_move_assignableIS4_EEE5valueEvE4typeERS4_SE_
                0x0000000008003bd6       0x3e Core/Src/BufData.o
                0x0000000008003bd6                std::enable_if<std::__and_<std::__not_<std::__is_tuple_like<int> >, std::is_move_constructible<int>, std::is_move_assignable<int> >::value, void>::type std::swap<int>(int&, int&)
 .text._ZN9__gnu_cxx17__normal_iteratorIPSt6vectorIhSaIhEES1_IS3_SaIS3_EEEmmEv
                0x0000000008003c14       0x22 Core/Src/BufData.o
                0x0000000008003c14                __gnu_cxx::__normal_iterator<std::vector<unsigned char, std::allocator<unsigned char> >*, std::vector<std::vector<unsigned char, std::allocator<unsigned char> >, std::allocator<std::vector<unsigned char, std::allocator<unsigned char> > > > >::operator--()
 .text._ZN9__gnu_cxxeqIPPhSt6vectorIS1_SaIS1_EEEEbRKNS_17__normal_iteratorIT_T0_EESB_
                0x0000000008003c36       0x30 Core/Src/BufData.o
                0x0000000008003c36                bool __gnu_cxx::operator==<unsigned char**, std::vector<unsigned char*, std::allocator<unsigned char*> > >(__gnu_cxx::__normal_iterator<unsigned char**, std::vector<unsigned char*, std::allocator<unsigned char*> > > const&, __gnu_cxx::__normal_iterator<unsigned char**, std::vector<unsigned char*, std::allocator<unsigned char*> > > const&)
 .text._ZN9__gnu_cxxmiIPPhSt6vectorIS1_SaIS1_EEEENS_17__normal_iteratorIT_T0_E15difference_typeERKS9_SC_
                0x0000000008003c66       0x2c Core/Src/BufData.o
                0x0000000008003c66                __gnu_cxx::__normal_iterator<unsigned char**, std::vector<unsigned char*, std::allocator<unsigned char*> > >::difference_type __gnu_cxx::operator-<unsigned char**, std::vector<unsigned char*, std::allocator<unsigned char*> > >(__gnu_cxx::__normal_iterator<unsigned char**, std::vector<unsigned char*, std::allocator<unsigned char*> > > const&, __gnu_cxx::__normal_iterator<unsigned char**, std::vector<unsigned char*, std::allocator<unsigned char*> > > const&)
 .text._ZSt11swap_rangesIN9__gnu_cxx17__normal_iteratorIPPhSt6vectorIS2_SaIS2_EEEES7_ET0_T_S9_S8_
                0x0000000008003c92       0x48 Core/Src/BufData.o
                0x0000000008003c92                __gnu_cxx::__normal_iterator<unsigned char**, std::vector<unsigned char*, std::allocator<unsigned char*> > > std::swap_ranges<__gnu_cxx::__normal_iterator<unsigned char**, std::vector<unsigned char*, std::allocator<unsigned char*> > >, __gnu_cxx::__normal_iterator<unsigned char**, std::vector<unsigned char*, std::allocator<unsigned char*> > > >(__gnu_cxx::__normal_iterator<unsigned char**, std::vector<unsigned char*, std::allocator<unsigned char*> > >, __gnu_cxx::__normal_iterator<unsigned char**, std::vector<unsigned char*, std::allocator<unsigned char*> > >, __gnu_cxx::__normal_iterator<unsigned char**, std::vector<unsigned char*, std::allocator<unsigned char*> > >)
 .text._ZNK9__gnu_cxx17__normal_iteratorIPPhSt6vectorIS1_SaIS1_EEEdeEv
                0x0000000008003cda       0x18 Core/Src/BufData.o
                0x0000000008003cda                __gnu_cxx::__normal_iterator<unsigned char**, std::vector<unsigned char*, std::allocator<unsigned char*> > >::operator*() const
 .text._ZSt4moveIRPhEONSt16remove_referenceIT_E4typeEOS3_
                0x0000000008003cf2       0x16 Core/Src/BufData.o
                0x0000000008003cf2                std::remove_reference<unsigned char*&>::type&& std::move<unsigned char*&>(unsigned char*&)
 .text._ZSt4moveIN9__gnu_cxx17__normal_iteratorIPPhSt6vectorIS2_SaIS2_EEEES7_ET0_T_S9_S8_
                0x0000000008003d08       0x30 Core/Src/BufData.o
                0x0000000008003d08                __gnu_cxx::__normal_iterator<unsigned char**, std::vector<unsigned char*, std::allocator<unsigned char*> > > std::move<__gnu_cxx::__normal_iterator<unsigned char**, std::vector<unsigned char*, std::allocator<unsigned char*> > >, __gnu_cxx::__normal_iterator<unsigned char**, std::vector<unsigned char*, std::allocator<unsigned char*> > > >(__gnu_cxx::__normal_iterator<unsigned char**, std::vector<unsigned char*, std::allocator<unsigned char*> > >, __gnu_cxx::__normal_iterator<unsigned char**, std::vector<unsigned char*, std::allocator<unsigned char*> > >, __gnu_cxx::__normal_iterator<unsigned char**, std::vector<unsigned char*, std::allocator<unsigned char*> > >)
 .text._ZNK9__gnu_cxx17__normal_iteratorIPPhSt6vectorIS1_SaIS1_EEEmiEi
                0x0000000008003d38       0x32 Core/Src/BufData.o
                0x0000000008003d38                __gnu_cxx::__normal_iterator<unsigned char**, std::vector<unsigned char*, std::allocator<unsigned char*> > >::operator-(int) const
 .text._ZSt9iter_swapIN9__gnu_cxx17__normal_iteratorIPPhSt6vectorIS2_SaIS2_EEEES7_EvT_T0_
                0x0000000008003d6a       0x2e Core/Src/BufData.o
                0x0000000008003d6a                void std::iter_swap<__gnu_cxx::__normal_iterator<unsigned char**, std::vector<unsigned char*, std::allocator<unsigned char*> > >, __gnu_cxx::__normal_iterator<unsigned char**, std::vector<unsigned char*, std::allocator<unsigned char*> > > >(__gnu_cxx::__normal_iterator<unsigned char**, std::vector<unsigned char*, std::allocator<unsigned char*> > >, __gnu_cxx::__normal_iterator<unsigned char**, std::vector<unsigned char*, std::allocator<unsigned char*> > >)
 .text._ZN9__gnu_cxx17__normal_iteratorIPPhSt6vectorIS1_SaIS1_EEEppEv
                0x0000000008003d98       0x20 Core/Src/BufData.o
                0x0000000008003d98                __gnu_cxx::__normal_iterator<unsigned char**, std::vector<unsigned char*, std::allocator<unsigned char*> > >::operator++()
 .text._ZSt13move_backwardIN9__gnu_cxx17__normal_iteratorIPPhSt6vectorIS2_SaIS2_EEEES7_ET0_T_S9_S8_
                0x0000000008003db8       0x30 Core/Src/BufData.o
                0x0000000008003db8                __gnu_cxx::__normal_iterator<unsigned char**, std::vector<unsigned char*, std::allocator<unsigned char*> > > std::move_backward<__gnu_cxx::__normal_iterator<unsigned char**, std::vector<unsigned char*, std::allocator<unsigned char*> > >, __gnu_cxx::__normal_iterator<unsigned char**, std::vector<unsigned char*, std::allocator<unsigned char*> > > >(__gnu_cxx::__normal_iterator<unsigned char**, std::vector<unsigned char*, std::allocator<unsigned char*> > >, __gnu_cxx::__normal_iterator<unsigned char**, std::vector<unsigned char*, std::allocator<unsigned char*> > >, __gnu_cxx::__normal_iterator<unsigned char**, std::vector<unsigned char*, std::allocator<unsigned char*> > >)
 .text._ZN9__gnu_cxx17__normal_iteratorIPPhSt6vectorIS1_SaIS1_EEEmmEv
                0x0000000008003de8       0x20 Core/Src/BufData.o
                0x0000000008003de8                __gnu_cxx::__normal_iterator<unsigned char**, std::vector<unsigned char*, std::allocator<unsigned char*> > >::operator--()
 .text._ZN9__gnu_cxxeqIPtSt6vectorItSaItEEEEbRKNS_17__normal_iteratorIT_T0_EESA_
                0x0000000008003e08       0x30 Core/Src/BufData.o
                0x0000000008003e08                bool __gnu_cxx::operator==<unsigned short*, std::vector<unsigned short, std::allocator<unsigned short> > >(__gnu_cxx::__normal_iterator<unsigned short*, std::vector<unsigned short, std::allocator<unsigned short> > > const&, __gnu_cxx::__normal_iterator<unsigned short*, std::vector<unsigned short, std::allocator<unsigned short> > > const&)
 .text._ZN9__gnu_cxxmiIPtSt6vectorItSaItEEEENS_17__normal_iteratorIT_T0_E15difference_typeERKS8_SB_
                0x0000000008003e38       0x2c Core/Src/BufData.o
                0x0000000008003e38                __gnu_cxx::__normal_iterator<unsigned short*, std::vector<unsigned short, std::allocator<unsigned short> > >::difference_type __gnu_cxx::operator-<unsigned short*, std::vector<unsigned short, std::allocator<unsigned short> > >(__gnu_cxx::__normal_iterator<unsigned short*, std::vector<unsigned short, std::allocator<unsigned short> > > const&, __gnu_cxx::__normal_iterator<unsigned short*, std::vector<unsigned short, std::allocator<unsigned short> > > const&)
 .text._ZSt11swap_rangesIN9__gnu_cxx17__normal_iteratorIPtSt6vectorItSaItEEEES6_ET0_T_S8_S7_
                0x0000000008003e64       0x48 Core/Src/BufData.o
                0x0000000008003e64                __gnu_cxx::__normal_iterator<unsigned short*, std::vector<unsigned short, std::allocator<unsigned short> > > std::swap_ranges<__gnu_cxx::__normal_iterator<unsigned short*, std::vector<unsigned short, std::allocator<unsigned short> > >, __gnu_cxx::__normal_iterator<unsigned short*, std::vector<unsigned short, std::allocator<unsigned short> > > >(__gnu_cxx::__normal_iterator<unsigned short*, std::vector<unsigned short, std::allocator<unsigned short> > >, __gnu_cxx::__normal_iterator<unsigned short*, std::vector<unsigned short, std::allocator<unsigned short> > >, __gnu_cxx::__normal_iterator<unsigned short*, std::vector<unsigned short, std::allocator<unsigned short> > >)
 .text._ZNK9__gnu_cxx17__normal_iteratorIPtSt6vectorItSaItEEEdeEv
                0x0000000008003eac       0x18 Core/Src/BufData.o
                0x0000000008003eac                __gnu_cxx::__normal_iterator<unsigned short*, std::vector<unsigned short, std::allocator<unsigned short> > >::operator*() const
 .text._ZSt4moveIRtEONSt16remove_referenceIT_E4typeEOS2_
                0x0000000008003ec4       0x16 Core/Src/BufData.o
                0x0000000008003ec4                std::remove_reference<unsigned short&>::type&& std::move<unsigned short&>(unsigned short&)
 .text._ZSt4moveIN9__gnu_cxx17__normal_iteratorIPtSt6vectorItSaItEEEES6_ET0_T_S8_S7_
                0x0000000008003eda       0x30 Core/Src/BufData.o
                0x0000000008003eda                __gnu_cxx::__normal_iterator<unsigned short*, std::vector<unsigned short, std::allocator<unsigned short> > > std::move<__gnu_cxx::__normal_iterator<unsigned short*, std::vector<unsigned short, std::allocator<unsigned short> > >, __gnu_cxx::__normal_iterator<unsigned short*, std::vector<unsigned short, std::allocator<unsigned short> > > >(__gnu_cxx::__normal_iterator<unsigned short*, std::vector<unsigned short, std::allocator<unsigned short> > >, __gnu_cxx::__normal_iterator<unsigned short*, std::vector<unsigned short, std::allocator<unsigned short> > >, __gnu_cxx::__normal_iterator<unsigned short*, std::vector<unsigned short, std::allocator<unsigned short> > >)
 .text._ZNK9__gnu_cxx17__normal_iteratorIPtSt6vectorItSaItEEEmiEi
                0x0000000008003f0a       0x32 Core/Src/BufData.o
                0x0000000008003f0a                __gnu_cxx::__normal_iterator<unsigned short*, std::vector<unsigned short, std::allocator<unsigned short> > >::operator-(int) const
 .text._ZSt9iter_swapIN9__gnu_cxx17__normal_iteratorIPtSt6vectorItSaItEEEES6_EvT_T0_
                0x0000000008003f3c       0x2e Core/Src/BufData.o
                0x0000000008003f3c                void std::iter_swap<__gnu_cxx::__normal_iterator<unsigned short*, std::vector<unsigned short, std::allocator<unsigned short> > >, __gnu_cxx::__normal_iterator<unsigned short*, std::vector<unsigned short, std::allocator<unsigned short> > > >(__gnu_cxx::__normal_iterator<unsigned short*, std::vector<unsigned short, std::allocator<unsigned short> > >, __gnu_cxx::__normal_iterator<unsigned short*, std::vector<unsigned short, std::allocator<unsigned short> > >)
 .text._ZN9__gnu_cxx17__normal_iteratorIPtSt6vectorItSaItEEEppEv
                0x0000000008003f6a       0x20 Core/Src/BufData.o
                0x0000000008003f6a                __gnu_cxx::__normal_iterator<unsigned short*, std::vector<unsigned short, std::allocator<unsigned short> > >::operator++()
 .text._ZSt13move_backwardIN9__gnu_cxx17__normal_iteratorIPtSt6vectorItSaItEEEES6_ET0_T_S8_S7_
                0x0000000008003f8a       0x30 Core/Src/BufData.o
                0x0000000008003f8a                __gnu_cxx::__normal_iterator<unsigned short*, std::vector<unsigned short, std::allocator<unsigned short> > > std::move_backward<__gnu_cxx::__normal_iterator<unsigned short*, std::vector<unsigned short, std::allocator<unsigned short> > >, __gnu_cxx::__normal_iterator<unsigned short*, std::vector<unsigned short, std::allocator<unsigned short> > > >(__gnu_cxx::__normal_iterator<unsigned short*, std::vector<unsigned short, std::allocator<unsigned short> > >, __gnu_cxx::__normal_iterator<unsigned short*, std::vector<unsigned short, std::allocator<unsigned short> > >, __gnu_cxx::__normal_iterator<unsigned short*, std::vector<unsigned short, std::allocator<unsigned short> > >)
 .text._ZN9__gnu_cxx17__normal_iteratorIPtSt6vectorItSaItEEEmmEv
                0x0000000008003fba       0x20 Core/Src/BufData.o
                0x0000000008003fba                __gnu_cxx::__normal_iterator<unsigned short*, std::vector<unsigned short, std::allocator<unsigned short> > >::operator--()
 .text._ZSt11swap_rangesISt13_Bit_iteratorS0_ET0_T_S2_S1_
                0x0000000008003fda       0x66 Core/Src/BufData.o
                0x0000000008003fda                std::_Bit_iterator std::swap_ranges<std::_Bit_iterator, std::_Bit_iterator>(std::_Bit_iterator, std::_Bit_iterator, std::_Bit_iterator)
 .text._ZSt4moveISt14_Bit_referenceEONSt16remove_referenceIT_E4typeEOS2_
                0x0000000008004040       0x16 Core/Src/BufData.o
                0x0000000008004040                std::remove_reference<std::_Bit_reference>::type&& std::move<std::_Bit_reference>(std::_Bit_reference&&)
 .text._ZSt4moveISt13_Bit_iteratorS0_ET0_T_S2_S1_
                0x0000000008004056       0x60 Core/Src/BufData.o
                0x0000000008004056                std::_Bit_iterator std::move<std::_Bit_iterator, std::_Bit_iterator>(std::_Bit_iterator, std::_Bit_iterator, std::_Bit_iterator)
 .text._ZSt9iter_swapISt13_Bit_iteratorS0_EvT_T0_
                0x00000000080040b6       0x4a Core/Src/BufData.o
                0x00000000080040b6                void std::iter_swap<std::_Bit_iterator, std::_Bit_iterator>(std::_Bit_iterator, std::_Bit_iterator)
 .text._ZSt13move_backwardISt13_Bit_iteratorS0_ET0_T_S2_S1_
                0x0000000008004100       0x60 Core/Src/BufData.o
                0x0000000008004100                std::_Bit_iterator std::move_backward<std::_Bit_iterator, std::_Bit_iterator>(std::_Bit_iterator, std::_Bit_iterator, std::_Bit_iterator)
 .text._ZNSaISt6vectorIhSaIhEEEC2Ev
                0x0000000008004160       0x18 Core/Src/BufData.o
                0x0000000008004160                std::allocator<std::vector<unsigned char, std::allocator<unsigned char> > >::allocator()
                0x0000000008004160                std::allocator<std::vector<unsigned char, std::allocator<unsigned char> > >::allocator()
 .text._ZNSt16allocator_traitsISaISt6vectorIhSaIhEEEE10deallocateERS3_PS2_j
                0x0000000008004178       0x1e Core/Src/BufData.o
                0x0000000008004178                std::allocator_traits<std::allocator<std::vector<unsigned char, std::allocator<unsigned char> > > >::deallocate(std::allocator<std::vector<unsigned char, std::allocator<unsigned char> > >&, std::vector<unsigned char, std::allocator<unsigned char> >*, unsigned int)
 .text._ZSt11__addressofISt6vectorIhSaIhEEEPT_RS3_
                0x0000000008004196       0x16 Core/Src/BufData.o
                0x0000000008004196                std::vector<unsigned char, std::allocator<unsigned char> >* std::__addressof<std::vector<unsigned char, std::allocator<unsigned char> > >(std::vector<unsigned char, std::allocator<unsigned char> >&)
 .text._ZNSt12_Destroy_auxILb0EE9__destroyIPSt6vectorIhSaIhEEEEvT_S6_
                0x00000000080041ac       0x30 Core/Src/BufData.o
                0x00000000080041ac                void std::_Destroy_aux<false>::__destroy<std::vector<unsigned char, std::allocator<unsigned char> >*>(std::vector<unsigned char, std::allocator<unsigned char> >*, std::vector<unsigned char, std::allocator<unsigned char> >*)
 .text._ZNSaIPhEC2Ev
                0x00000000080041dc       0x18 Core/Src/BufData.o
                0x00000000080041dc                std::allocator<unsigned char*>::allocator()
                0x00000000080041dc                std::allocator<unsigned char*>::allocator()
 .text._ZNSt16allocator_traitsISaIPhEE10deallocateERS1_PS0_j
                0x00000000080041f4       0x1e Core/Src/BufData.o
                0x00000000080041f4                std::allocator_traits<std::allocator<unsigned char*> >::deallocate(std::allocator<unsigned char*>&, unsigned char**, unsigned int)
 .text._ZNSt12_Destroy_auxILb1EE9__destroyIPPhEEvT_S4_
                0x0000000008004212       0x16 Core/Src/BufData.o
                0x0000000008004212                void std::_Destroy_aux<true>::__destroy<unsigned char**>(unsigned char**, unsigned char**)
 .text._ZNSaItEC2Ev
                0x0000000008004228       0x18 Core/Src/BufData.o
                0x0000000008004228                std::allocator<unsigned short>::allocator()
                0x0000000008004228                std::allocator<unsigned short>::allocator()
 .text._ZNSt16allocator_traitsISaItEE10deallocateERS0_Ptj
                0x0000000008004240       0x1e Core/Src/BufData.o
                0x0000000008004240                std::allocator_traits<std::allocator<unsigned short> >::deallocate(std::allocator<unsigned short>&, unsigned short*, unsigned int)
 .text._ZNSt12_Destroy_auxILb1EE9__destroyIPtEEvT_S3_
                0x000000000800425e       0x16 Core/Src/BufData.o
                0x000000000800425e                void std::_Destroy_aux<true>::__destroy<unsigned short*>(unsigned short*, unsigned short*)
 .text._ZNSaImEC2Ev
                0x0000000008004274       0x18 Core/Src/BufData.o
                0x0000000008004274                std::allocator<unsigned long>::allocator()
                0x0000000008004274                std::allocator<unsigned long>::allocator()
 .text._ZNKSt13_Bvector_baseISaIbEE13_Bvector_impl11_M_end_addrEv
                0x000000000800428c       0x2c Core/Src/BufData.o
                0x000000000800428c                std::_Bvector_base<std::allocator<bool> >::_Bvector_impl::_M_end_addr() const
 .text._ZNSt16allocator_traitsISaImEE10deallocateERS0_Pmj
                0x00000000080042b8       0x1e Core/Src/BufData.o
                0x00000000080042b8                std::allocator_traits<std::allocator<unsigned long> >::deallocate(std::allocator<unsigned long>&, unsigned long*, unsigned int)
 .text._ZSt25__uninitialized_default_nIPSt6vectorIhSaIhEEjET_S4_T0_
                0x00000000080042d6       0x20 Core/Src/BufData.o
                0x00000000080042d6                std::vector<unsigned char, std::allocator<unsigned char> >* std::__uninitialized_default_n<std::vector<unsigned char, std::allocator<unsigned char> >*, unsigned int>(std::vector<unsigned char, std::allocator<unsigned char> >*, unsigned int)
 .text._ZNKSt6vectorIS_IhSaIhEESaIS1_EE8max_sizeEv
                0x00000000080042f6       0x22 Core/Src/BufData.o
                0x00000000080042f6                std::vector<std::vector<unsigned char, std::allocator<unsigned char> >, std::allocator<std::vector<unsigned char, std::allocator<unsigned char> > > >::max_size() const
 .text._ZSt3maxIjERKT_S2_S2_
                0x0000000008004318       0x28 Core/Src/BufData.o
                0x0000000008004318                unsigned int const& std::max<unsigned int>(unsigned int const&, unsigned int const&)
 .text._ZNSt16allocator_traitsISaISt6vectorIhSaIhEEEE8allocateERS3_j
                0x0000000008004340       0x1e Core/Src/BufData.o
                0x0000000008004340                std::allocator_traits<std::allocator<std::vector<unsigned char, std::allocator<unsigned char> > > >::allocate(std::allocator<std::vector<unsigned char, std::allocator<unsigned char> > >&, unsigned int)
 .text._ZSt32__make_move_if_noexcept_iteratorISt6vectorIhSaIhEESt13move_iteratorIPS2_EET0_PT_
                0x000000000800435e       0x1e Core/Src/BufData.o
                0x000000000800435e                std::move_iterator<std::vector<unsigned char, std::allocator<unsigned char> >*> std::__make_move_if_noexcept_iterator<std::vector<unsigned char, std::allocator<unsigned char> >, std::move_iterator<std::vector<unsigned char, std::allocator<unsigned char> >*> >(std::vector<unsigned char, std::allocator<unsigned char> >*)
 .text._ZSt22__uninitialized_copy_aISt13move_iteratorIPSt6vectorIhSaIhEEES4_S3_ET0_T_S7_S6_RSaIT1_E
                0x000000000800437c       0x22 Core/Src/BufData.o
                0x000000000800437c                std::vector<unsigned char, std::allocator<unsigned char> >* std::__uninitialized_copy_a<std::move_iterator<std::vector<unsigned char, std::allocator<unsigned char> >*>, std::vector<unsigned char, std::allocator<unsigned char> >*, std::vector<unsigned char, std::allocator<unsigned char> > >(std::move_iterator<std::vector<unsigned char, std::allocator<unsigned char> >*>, std::move_iterator<std::vector<unsigned char, std::allocator<unsigned char> >*>, std::vector<unsigned char, std::allocator<unsigned char> >*, std::allocator<std::vector<unsigned char, std::allocator<unsigned char> > >&)
 .text._ZSt25__uninitialized_default_nIPPhjET_S2_T0_
                0x000000000800439e       0x20 Core/Src/BufData.o
                0x000000000800439e                unsigned char** std::__uninitialized_default_n<unsigned char**, unsigned int>(unsigned char**, unsigned int)
 .text._ZNKSt6vectorIPhSaIS0_EE8max_sizeEv
                0x00000000080043be       0x22 Core/Src/BufData.o
                0x00000000080043be                std::vector<unsigned char*, std::allocator<unsigned char*> >::max_size() const
 .text._ZNSt16allocator_traitsISaIPhEE8allocateERS1_j
                0x00000000080043e0       0x1e Core/Src/BufData.o
                0x00000000080043e0                std::allocator_traits<std::allocator<unsigned char*> >::allocate(std::allocator<unsigned char*>&, unsigned int)
 .text._ZSt32__make_move_if_noexcept_iteratorIPhSt13move_iteratorIPS0_EET0_PT_
                0x00000000080043fe       0x1e Core/Src/BufData.o
                0x00000000080043fe                std::move_iterator<unsigned char**> std::__make_move_if_noexcept_iterator<unsigned char*, std::move_iterator<unsigned char**> >(unsigned char**)
 .text._ZSt22__uninitialized_copy_aISt13move_iteratorIPPhES2_S1_ET0_T_S5_S4_RSaIT1_E
                0x000000000800441c       0x22 Core/Src/BufData.o
                0x000000000800441c                unsigned char** std::__uninitialized_copy_a<std::move_iterator<unsigned char**>, unsigned char**, unsigned char*>(std::move_iterator<unsigned char**>, std::move_iterator<unsigned char**>, unsigned char**, std::allocator<unsigned char*>&)
 .text._ZSt25__uninitialized_default_nIPtjET_S1_T0_
                0x000000000800443e       0x20 Core/Src/BufData.o
                0x000000000800443e                unsigned short* std::__uninitialized_default_n<unsigned short*, unsigned int>(unsigned short*, unsigned int)
 .text._ZNKSt6vectorItSaItEE8max_sizeEv
                0x000000000800445e       0x22 Core/Src/BufData.o
                0x000000000800445e                std::vector<unsigned short, std::allocator<unsigned short> >::max_size() const
 .text._ZNSt16allocator_traitsISaItEE8allocateERS0_j
                0x0000000008004480       0x1e Core/Src/BufData.o
                0x0000000008004480                std::allocator_traits<std::allocator<unsigned short> >::allocate(std::allocator<unsigned short>&, unsigned int)
 .text._ZSt32__make_move_if_noexcept_iteratorItSt13move_iteratorIPtEET0_PT_
                0x000000000800449e       0x1e Core/Src/BufData.o
                0x000000000800449e                std::move_iterator<unsigned short*> std::__make_move_if_noexcept_iterator<unsigned short, std::move_iterator<unsigned short*> >(unsigned short*)
 .text._ZSt22__uninitialized_copy_aISt13move_iteratorIPtES1_tET0_T_S4_S3_RSaIT1_E
                0x00000000080044bc       0x22 Core/Src/BufData.o
                0x00000000080044bc                unsigned short* std::__uninitialized_copy_a<std::move_iterator<unsigned short*>, unsigned short*, unsigned short>(std::move_iterator<unsigned short*>, std::move_iterator<unsigned short*>, unsigned short*, std::allocator<unsigned short>&)
 .text._ZNKSt6vectorIbSaIbEE8capacityEv
                0x00000000080044de       0x44 Core/Src/BufData.o
                0x00000000080044de                std::vector<bool, std::allocator<bool> >::capacity() const
 .text._ZSt13copy_backwardISt13_Bit_iteratorS0_ET0_T_S2_S1_
                0x0000000008004522       0x60 Core/Src/BufData.o
                0x0000000008004522                std::_Bit_iterator std::copy_backward<std::_Bit_iterator, std::_Bit_iterator>(std::_Bit_iterator, std::_Bit_iterator, std::_Bit_iterator)
 .text._ZNKSt6vectorIbSaIbEE12_M_check_lenEjPKc
                0x0000000008004582       0x90 Core/Src/BufData.o
                0x0000000008004582                std::vector<bool, std::allocator<bool> >::_M_check_len(unsigned int, char const*) const
 .text._ZNSt13_Bvector_baseISaIbEE11_M_allocateEj
                0x0000000008004612       0x26 Core/Src/BufData.o
                0x0000000008004612                std::_Bvector_base<std::allocator<bool> >::_M_allocate(unsigned int)
 .text._ZSt11__addressofImEPT_RS0_
                0x0000000008004638       0x16 Core/Src/BufData.o
                0x0000000008004638                unsigned long* std::__addressof<unsigned long>(unsigned long&)
 .text._ZNSt6vectorIbSaIbEE15_M_copy_alignedESt19_Bit_const_iteratorS2_St13_Bit_iterator
                0x000000000800464e       0x64 Core/Src/BufData.o
                0x000000000800464e                std::vector<bool, std::allocator<bool> >::_M_copy_aligned(std::_Bit_const_iterator, std::_Bit_const_iterator, std::_Bit_iterator)
 .text._ZSt4copyISt13_Bit_iteratorS0_ET0_T_S2_S1_
                0x00000000080046b2       0x60 Core/Src/BufData.o
                0x00000000080046b2                std::_Bit_iterator std::copy<std::_Bit_iterator, std::_Bit_iterator>(std::_Bit_iterator, std::_Bit_iterator, std::_Bit_iterator)
 .text._ZNSt13_Bvector_baseISaIbEE8_S_nwordEj
                0x0000000008004712       0x1a Core/Src/BufData.o
                0x0000000008004712                std::_Bvector_base<std::allocator<bool> >::_S_nword(unsigned int)
 .text._ZSt25__uninitialized_default_nIPhjET_S1_T0_
                0x000000000800472c       0x20 Core/Src/BufData.o
                0x000000000800472c                unsigned char* std::__uninitialized_default_n<unsigned char*, unsigned int>(unsigned char*, unsigned int)
 .text._ZNKSt6vectorIhSaIhEE8max_sizeEv
                0x000000000800474c       0x22 Core/Src/BufData.o
                0x000000000800474c                std::vector<unsigned char, std::allocator<unsigned char> >::max_size() const
 .text._ZNSt16allocator_traitsISaIhEE8allocateERS0_j
                0x000000000800476e       0x1e Core/Src/BufData.o
                0x000000000800476e                std::allocator_traits<std::allocator<unsigned char> >::allocate(std::allocator<unsigned char>&, unsigned int)
 .text._ZSt32__make_move_if_noexcept_iteratorIhSt13move_iteratorIPhEET0_PT_
                0x000000000800478c       0x1e Core/Src/BufData.o
                0x000000000800478c                std::move_iterator<unsigned char*> std::__make_move_if_noexcept_iterator<unsigned char, std::move_iterator<unsigned char*> >(unsigned char*)
 .text._ZSt22__uninitialized_copy_aISt13move_iteratorIPhES1_hET0_T_S4_S3_RSaIT1_E
                0x00000000080047aa       0x22 Core/Src/BufData.o
                0x00000000080047aa                unsigned char* std::__uninitialized_copy_a<std::move_iterator<unsigned char*>, unsigned char*, unsigned char>(std::move_iterator<unsigned char*>, std::move_iterator<unsigned char*>, unsigned char*, std::allocator<unsigned char>&)
 .text._ZSt8_DestroyIPhEvT_S1_
                0x00000000080047cc       0x1a Core/Src/BufData.o
                0x00000000080047cc                void std::_Destroy<unsigned char*>(unsigned char*, unsigned char*)
 .text._ZNSt16allocator_traitsISaIhEE10deallocateERS0_Phj
                0x00000000080047e6       0x1e Core/Src/BufData.o
                0x00000000080047e6                std::allocator_traits<std::allocator<unsigned char> >::deallocate(std::allocator<unsigned char>&, unsigned char*, unsigned int)
 .text._ZNK9__gnu_cxx17__normal_iteratorIPSt6vectorIhSaIhEES1_IS3_SaIS3_EEE4baseEv